Aug 13 17:06:57 ip-172-31-42-60 kernel: [    0.000000] Linux version 5.4.0-1045-aws (buildd@lcy01-amd64-026) (gcc version 9.3.0 (Ubuntu 9.3.0-17ubuntu1~20.04)) #47-Ubuntu SMP Tue Apr 13 07:02:25 UTC 2021 (Ubuntu 5.4.0-1045.47-aws 5.4.101)
Aug 13 17:06:57 ip-172-31-42-60 kernel: [    0.000000] Command line: BOOT_IMAGE=/boot/vmlinuz-5.4.0-1045-aws root=PARTUUID=5198cbc0-01 ro console=tty1 console=ttyS0 nvme_core.io_timeout=4294967295 panic=-1
Aug 13 17:06:57 ip-172-31-42-60 kernel: [    0.000000] KERNEL supported cpus:
Aug 13 17:06:57 ip-172-31-42-60 kernel: [    0.000000]   Intel GenuineIntel
Aug 13 17:06:57 ip-172-31-42-60 kernel: [    0.000000]   AMD AuthenticAMD
Aug 13 17:06:57 ip-172-31-42-60 kernel: [    0.000000]   Hygon HygonGenuine
Aug 13 17:06:57 ip-172-31-42-60 kernel: [    0.000000]   Centaur CentaurHauls
Aug 13 17:06:57 ip-172-31-42-60 kernel: [    0.000000]   zhaoxin   Shanghai  
Aug 13 17:06:57 ip-172-31-42-60 kernel: [    0.000000] x86/fpu: Supporting XSAVE feature 0x001: 'x87 floating point registers'
Aug 13 17:06:57 ip-172-31-42-60 kernel: [    0.000000] x86/fpu: Supporting XSAVE feature 0x002: 'SSE registers'
Aug 13 17:06:57 ip-172-31-42-60 kernel: [    0.000000] x86/fpu: Supporting XSAVE feature 0x004: 'AVX registers'
Aug 13 17:06:57 ip-172-31-42-60 kernel: [    0.000000] x86/fpu: xstate_offset[2]:  576, xstate_sizes[2]:  256
Aug 13 17:06:57 ip-172-31-42-60 kernel: [    0.000000] x86/fpu: Enabled xstate features 0x7, context size is 832 bytes, using 'standard' format.
Aug 13 17:06:57 ip-172-31-42-60 kernel: [    0.000000] BIOS-provided physical RAM map:
Aug 13 17:06:57 ip-172-31-42-60 kernel: [    0.000000] BIOS-e820: [mem 0x0000000000000000-0x000000000009dfff] usable
Aug 13 17:06:57 ip-172-31-42-60 kernel: [    0.000000] BIOS-e820: [mem 0x000000000009e000-0x000000000009ffff] reserved
Aug 13 17:06:57 ip-172-31-42-60 kernel: [    0.000000] BIOS-e820: [mem 0x00000000000e0000-0x00000000000fffff] reserved
Aug 13 17:06:57 ip-172-31-42-60 kernel: [    0.000000] BIOS-e820: [mem 0x0000000000100000-0x000000003fffffff] usable
Aug 13 17:06:57 ip-172-31-42-60 kernel: [    0.000000] BIOS-e820: [mem 0x00000000fc000000-0x00000000ffffffff] reserved
Aug 13 17:06:57 ip-172-31-42-60 kernel: [    0.000000] NX (Execute Disable) protection: active
Aug 13 17:06:57 ip-172-31-42-60 kernel: [    0.000000] SMBIOS 2.7 present.
Aug 13 17:06:57 ip-172-31-42-60 kernel: [    0.000000] DMI: Xen HVM domU, BIOS 4.2.amazon 08/24/2006
Aug 13 17:06:57 ip-172-31-42-60 kernel: [    0.000000] Hypervisor detected: Xen HVM
Aug 13 17:06:57 ip-172-31-42-60 kernel: [    0.000000] Xen version 4.2.
Aug 13 17:06:57 ip-172-31-42-60 kernel: [    0.000000] Xen Platform PCI: I/O protocol version 1
Aug 13 17:06:57 ip-172-31-42-60 kernel: [    0.000000] Netfront and the Xen platform PCI driver have been compiled for this kernel: unplug emulated NICs.
Aug 13 17:06:57 ip-172-31-42-60 kernel: [    0.000000] Blkfront and the Xen platform PCI driver have been compiled for this kernel: unplug emulated disks.
Aug 13 17:06:57 ip-172-31-42-60 kernel: [    0.000000] You might have to change the root device
Aug 13 17:06:57 ip-172-31-42-60 kernel: [    0.000000] from /dev/hd[a-d] to /dev/xvd[a-d]
Aug 13 17:06:57 ip-172-31-42-60 kernel: [    0.000000] in your root= kernel command line option
Aug 13 17:06:57 ip-172-31-42-60 kernel: [    0.000002] HVMOP_pagetable_dying not supported
Aug 13 17:06:57 ip-172-31-42-60 kernel: [    0.015889] tsc: Fast TSC calibration using PIT
Aug 13 17:06:57 ip-172-31-42-60 kernel: [    0.015892] tsc: Detected 2399.958 MHz processor
Aug 13 17:06:57 ip-172-31-42-60 kernel: [    0.015893] tsc: Detected 2400.064 MHz TSC
Aug 13 17:06:57 ip-172-31-42-60 kernel: [    0.016926] e820: update [mem 0x00000000-0x00000fff] usable ==> reserved
Aug 13 17:06:57 ip-172-31-42-60 kernel: [    0.016929] e820: remove [mem 0x000a0000-0x000fffff] usable
Aug 13 17:06:57 ip-172-31-42-60 kernel: [    0.016933] last_pfn = 0x40000 max_arch_pfn = 0x400000000
Aug 13 17:06:57 ip-172-31-42-60 kernel: [    0.016959] MTRR default type: write-back
Aug 13 17:06:57 ip-172-31-42-60 kernel: [    0.016960] MTRR fixed ranges enabled:
Aug 13 17:06:57 ip-172-31-42-60 kernel: [    0.016961]   00000-9FFFF write-back
Aug 13 17:06:57 ip-172-31-42-60 kernel: [    0.016962]   A0000-BFFFF write-combining
Aug 13 17:06:57 ip-172-31-42-60 kernel: [    0.016963]   C0000-FFFFF write-back
Aug 13 17:06:57 ip-172-31-42-60 kernel: [    0.016964] MTRR variable ranges enabled:
Aug 13 17:06:57 ip-172-31-42-60 kernel: [    0.016965]   0 base 0000F0000000 mask 3FFFF8000000 uncachable
Aug 13 17:06:57 ip-172-31-42-60 kernel: [    0.016966]   1 base 0000F8000000 mask 3FFFFC000000 uncachable
Aug 13 17:06:57 ip-172-31-42-60 kernel: [    0.016967]   2 disabled
Aug 13 17:06:57 ip-172-31-42-60 kernel: [    0.016967]   3 disabled
Aug 13 17:06:57 ip-172-31-42-60 kernel: [    0.016968]   4 disabled
Aug 13 17:06:57 ip-172-31-42-60 kernel: [    0.016968]   5 disabled
Aug 13 17:06:57 ip-172-31-42-60 kernel: [    0.016969]   6 disabled
Aug 13 17:06:57 ip-172-31-42-60 kernel: [    0.016969]   7 disabled
Aug 13 17:06:57 ip-172-31-42-60 kernel: [    0.016979] x86/PAT: Configuration [0-7]: WB  WC  UC- UC  WB  WP  UC- WT  
Aug 13 17:06:57 ip-172-31-42-60 kernel: [    0.023995] found SMP MP-table at [mem 0x000fbc50-0x000fbc5f]
Aug 13 17:06:57 ip-172-31-42-60 kernel: [    0.024074] check: Scanning 1 areas for low memory corruption
Aug 13 17:06:57 ip-172-31-42-60 kernel: [    0.024267] RAMDISK: [mem 0x37945000-0x37c99fff]
Aug 13 17:06:57 ip-172-31-42-60 kernel: [    0.024331] ACPI: Early table checksum verification disabled
Aug 13 17:06:57 ip-172-31-42-60 kernel: [    0.024335] ACPI: RSDP 0x00000000000EA020 000024 (v02 Xen   )
Aug 13 17:06:57 ip-172-31-42-60 kernel: [    0.024338] ACPI: XSDT 0x00000000FC00E2A0 000054 (v01 Xen    HVM      00000000 HVML 00000000)
Aug 13 17:06:57 ip-172-31-42-60 kernel: [    0.024343] ACPI: FACP 0x00000000FC00DF60 0000F4 (v04 Xen    HVM      00000000 HVML 00000000)
Aug 13 17:06:57 ip-172-31-42-60 kernel: [    0.024348] ACPI: DSDT 0x00000000FC0021C0 00BD19 (v02 Xen    HVM      00000000 INTL 20090123)
Aug 13 17:06:57 ip-172-31-42-60 kernel: [    0.024351] ACPI: FACS 0x00000000FC002180 000040
Aug 13 17:06:57 ip-172-31-42-60 kernel: [    0.024353] ACPI: FACS 0x00000000FC002180 000040
Aug 13 17:06:57 ip-172-31-42-60 kernel: [    0.024355] ACPI: APIC 0x00000000FC00E060 0000D8 (v02 Xen    HVM      00000000 HVML 00000000)
Aug 13 17:06:57 ip-172-31-42-60 kernel: [    0.024357] ACPI: HPET 0x00000000FC00E1B0 000038 (v01 Xen    HVM      00000000 HVML 00000000)
Aug 13 17:06:57 ip-172-31-42-60 kernel: [    0.024360] ACPI: WAET 0x00000000FC00E1F0 000028 (v01 Xen    HVM      00000000 HVML 00000000)
Aug 13 17:06:57 ip-172-31-42-60 kernel: [    0.024362] ACPI: SSDT 0x00000000FC00E220 000031 (v02 Xen    HVM      00000000 INTL 20090123)
Aug 13 17:06:57 ip-172-31-42-60 kernel: [    0.024365] ACPI: SSDT 0x00000000FC00E260 000033 (v02 Xen    HVM      00000000 INTL 20090123)
Aug 13 17:06:57 ip-172-31-42-60 kernel: [    0.024372] ACPI: Local APIC address 0xfee00000
Aug 13 17:06:57 ip-172-31-42-60 kernel: [    0.026317] No NUMA configuration found
Aug 13 17:06:57 ip-172-31-42-60 kernel: [    0.026319] Faking a node at [mem 0x0000000000000000-0x000000003fffffff]
Aug 13 17:06:57 ip-172-31-42-60 kernel: [    0.026328] NODE_DATA(0) allocated [mem 0x3ffd5000-0x3fffffff]
Aug 13 17:06:57 ip-172-31-42-60 kernel: [    0.026539] Zone ranges:
Aug 13 17:06:57 ip-172-31-42-60 kernel: [    0.026540]   DMA      [mem 0x0000000000001000-0x0000000000ffffff]
Aug 13 17:06:57 ip-172-31-42-60 kernel: [    0.026541]   DMA32    [mem 0x0000000001000000-0x000000003fffffff]
Aug 13 17:06:57 ip-172-31-42-60 kernel: [    0.026543]   Normal   empty
Aug 13 17:06:57 ip-172-31-42-60 kernel: [    0.026544]   Device   empty
Aug 13 17:06:57 ip-172-31-42-60 kernel: [    0.026544] Movable zone start for each node
Aug 13 17:06:57 ip-172-31-42-60 kernel: [    0.026548] Early memory node ranges
Aug 13 17:06:57 ip-172-31-42-60 kernel: [    0.026549]   node   0: [mem 0x0000000000001000-0x000000000009dfff]
Aug 13 17:06:57 ip-172-31-42-60 kernel: [    0.026550]   node   0: [mem 0x0000000000100000-0x000000003fffffff]
Aug 13 17:06:57 ip-172-31-42-60 kernel: [    0.026553] Zeroed struct page in unavailable ranges: 99 pages
Aug 13 17:06:57 ip-172-31-42-60 kernel: [    0.026554] Initmem setup node 0 [mem 0x0000000000001000-0x000000003fffffff]
Aug 13 17:06:57 ip-172-31-42-60 kernel: [    0.026556] On node 0 totalpages: 262045
Aug 13 17:06:57 ip-172-31-42-60 kernel: [    0.026557]   DMA zone: 64 pages used for memmap
Aug 13 17:06:57 ip-172-31-42-60 kernel: [    0.026557]   DMA zone: 21 pages reserved
Aug 13 17:06:57 ip-172-31-42-60 kernel: [    0.026558]   DMA zone: 3997 pages, LIFO batch:0
Aug 13 17:06:57 ip-172-31-42-60 kernel: [    0.026663]   DMA32 zone: 4032 pages used for memmap
Aug 13 17:06:57 ip-172-31-42-60 kernel: [    0.026664]   DMA32 zone: 258048 pages, LIFO batch:63
Aug 13 17:06:57 ip-172-31-42-60 kernel: [    0.033185] ACPI: PM-Timer IO Port: 0xb008
Aug 13 17:06:57 ip-172-31-42-60 kernel: [    0.033188] ACPI: Local APIC address 0xfee00000
Aug 13 17:06:57 ip-172-31-42-60 kernel: [    0.033249] IOAPIC[0]: apic_id 1, version 17, address 0xfec00000, GSI 0-47
Aug 13 17:06:57 ip-172-31-42-60 kernel: [    0.033251] ACPI: INT_SRC_OVR (bus 0 bus_irq 0 global_irq 2 dfl dfl)
Aug 13 17:06:57 ip-172-31-42-60 kernel: [    0.033253] ACPI: INT_SRC_OVR (bus 0 bus_irq 5 global_irq 5 low level)
Aug 13 17:06:57 ip-172-31-42-60 kernel: [    0.033254] ACPI: INT_SRC_OVR (bus 0 bus_irq 10 global_irq 10 low level)
Aug 13 17:06:57 ip-172-31-42-60 kernel: [    0.033255] ACPI: INT_SRC_OVR (bus 0 bus_irq 11 global_irq 11 low level)
Aug 13 17:06:57 ip-172-31-42-60 kernel: [    0.033256] ACPI: IRQ0 used by override.
Aug 13 17:06:57 ip-172-31-42-60 kernel: [    0.033257] ACPI: IRQ5 used by override.
Aug 13 17:06:57 ip-172-31-42-60 kernel: [    0.033258] ACPI: IRQ9 used by override.
Aug 13 17:06:57 ip-172-31-42-60 kernel: [    0.033258] ACPI: IRQ10 used by override.
Aug 13 17:06:57 ip-172-31-42-60 kernel: [    0.033259] ACPI: IRQ11 used by override.
Aug 13 17:06:57 ip-172-31-42-60 kernel: [    0.033260] Using ACPI (MADT) for SMP configuration information
Aug 13 17:06:57 ip-172-31-42-60 kernel: [    0.033262] ACPI: HPET id: 0x8086a201 base: 0xfed00000
Aug 13 17:06:57 ip-172-31-42-60 kernel: [    0.033265] TSC deadline timer available
Aug 13 17:06:57 ip-172-31-42-60 kernel: [    0.033271] smpboot: Allowing 15 CPUs, 14 hotplug CPUs
Aug 13 17:06:57 ip-172-31-42-60 kernel: [    0.033280] PM: Registered nosave memory: [mem 0x00000000-0x00000fff]
Aug 13 17:06:57 ip-172-31-42-60 kernel: [    0.033281] PM: Registered nosave memory: [mem 0x0009e000-0x0009ffff]
Aug 13 17:06:57 ip-172-31-42-60 kernel: [    0.033282] PM: Registered nosave memory: [mem 0x000a0000-0x000dffff]
Aug 13 17:06:57 ip-172-31-42-60 kernel: [    0.033283] PM: Registered nosave memory: [mem 0x000e0000-0x000fffff]
Aug 13 17:06:57 ip-172-31-42-60 kernel: [    0.033285] [mem 0x40000000-0xfbffffff] available for PCI devices
Aug 13 17:06:57 ip-172-31-42-60 kernel: [    0.033286] Booting paravirtualized kernel on Xen HVM
Aug 13 17:06:57 ip-172-31-42-60 kernel: [    0.033289] clocksource: refined-jiffies: mask: 0xffffffff max_cycles: 0xffffffff, max_idle_ns: 7645519600211568 ns
Aug 13 17:06:57 ip-172-31-42-60 kernel: [    0.033294] setup_percpu: NR_CPUS:8192 nr_cpumask_bits:15 nr_cpu_ids:15 nr_node_ids:1
Aug 13 17:06:57 ip-172-31-42-60 kernel: [    0.034086] percpu: Embedded 54 pages/cpu s184320 r8192 d28672 u262144
Aug 13 17:06:57 ip-172-31-42-60 kernel: [    0.034091] pcpu-alloc: s184320 r8192 d28672 u262144 alloc=1*2097152
Aug 13 17:06:57 ip-172-31-42-60 kernel: [    0.034092] pcpu-alloc: [0] 00 01 02 03 04 05 06 07 [0] 08 09 10 11 12 13 14 -- 
Aug 13 17:06:57 ip-172-31-42-60 kernel: [    0.034116] xen: PV spinlocks enabled
Aug 13 17:06:57 ip-172-31-42-60 kernel: [    0.034119] PV qspinlock hash table entries: 256 (order: 0, 4096 bytes, linear)
Aug 13 17:06:57 ip-172-31-42-60 kernel: [    0.034124] Built 1 zonelists, mobility grouping on.  Total pages: 257928
Aug 13 17:06:57 ip-172-31-42-60 kernel: [    0.034125] Policy zone: DMA32
Aug 13 17:06:57 ip-172-31-42-60 kernel: [    0.034127] Kernel command line: BOOT_IMAGE=/boot/vmlinuz-5.4.0-1045-aws root=PARTUUID=5198cbc0-01 ro console=tty1 console=ttyS0 nvme_core.io_timeout=4294967295 panic=-1
Aug 13 17:06:57 ip-172-31-42-60 kernel: [    0.034343] Dentry cache hash table entries: 131072 (order: 8, 1048576 bytes, linear)
Aug 13 17:06:57 ip-172-31-42-60 kernel: [    0.034422] Inode-cache hash table entries: 65536 (order: 7, 524288 bytes, linear)
Aug 13 17:06:57 ip-172-31-42-60 kernel: [    0.034644] mem auto-init: stack:off, heap alloc:on, heap free:off
Aug 13 17:06:57 ip-172-31-42-60 kernel: [    0.034647] Calgary: detecting Calgary via BIOS EBDA area
Aug 13 17:06:57 ip-172-31-42-60 kernel: [    0.034647] Calgary: Unable to locate Rio Grande table in EBDA - bailing!
Aug 13 17:06:57 ip-172-31-42-60 kernel: [    0.037128] Memory: 990472K/1048180K available (14339K kernel code, 2328K rwdata, 4684K rodata, 2664K init, 5112K bss, 57708K reserved, 0K cma-reserved)
Aug 13 17:06:57 ip-172-31-42-60 kernel: [    0.037136] random: get_random_u64 called from kmem_cache_open+0x2d/0x410 with crng_init=0
Aug 13 17:06:57 ip-172-31-42-60 kernel: [    0.037292] SLUB: HWalign=64, Order=0-3, MinObjects=0, CPUs=15, Nodes=1
Aug 13 17:06:57 ip-172-31-42-60 kernel: [    0.037305] Kernel/User page tables isolation: enabled
Aug 13 17:06:57 ip-172-31-42-60 kernel: [    0.037321] ftrace: allocating 43056 entries in 169 pages
Aug 13 17:06:57 ip-172-31-42-60 kernel: [    0.053348] rcu: Hierarchical RCU implementation.
Aug 13 17:06:57 ip-172-31-42-60 kernel: [    0.053350] rcu: 	RCU restricting CPUs from NR_CPUS=8192 to nr_cpu_ids=15.
Aug 13 17:06:57 ip-172-31-42-60 kernel: [    0.053351] 	Tasks RCU enabled.
Aug 13 17:06:57 ip-172-31-42-60 kernel: [    0.053352] rcu: RCU calculated value of scheduler-enlistment delay is 25 jiffies.
Aug 13 17:06:57 ip-172-31-42-60 kernel: [    0.053353] rcu: Adjusting geometry for rcu_fanout_leaf=16, nr_cpu_ids=15
Aug 13 17:06:57 ip-172-31-42-60 kernel: [    0.055771] NR_IRQS: 524544, nr_irqs: 952, preallocated irqs: 16
Aug 13 17:06:57 ip-172-31-42-60 kernel: [    0.055804] xen:events: Using 2-level ABI
Aug 13 17:06:57 ip-172-31-42-60 kernel: [    0.055849] xen:events: Xen HVM callback vector for event delivery is enabled
Aug 13 17:06:57 ip-172-31-42-60 kernel: [    0.056008] random: crng done (trusting CPU's manufacturer)
Aug 13 17:06:57 ip-172-31-42-60 kernel: [    0.068342] Console: colour VGA+ 80x25
Aug 13 17:06:57 ip-172-31-42-60 kernel: [    0.200669] printk: console [tty1] enabled
Aug 13 17:06:57 ip-172-31-42-60 kernel: [    0.201671] Cannot get hvm parameter CONSOLE_EVTCHN (18): -22!
Aug 13 17:06:57 ip-172-31-42-60 kernel: [    0.576838] printk: console [ttyS0] enabled
Aug 13 17:06:57 ip-172-31-42-60 kernel: [    0.580239] ACPI: Core revision 20190816
Aug 13 17:06:57 ip-172-31-42-60 kernel: [    0.583934] clocksource: hpet: mask: 0xffffffff max_cycles: 0xffffffff, max_idle_ns: 30580167144 ns
Aug 13 17:06:57 ip-172-31-42-60 kernel: [    0.590369] APIC: Switch to symmetric I/O mode setup
Aug 13 17:06:57 ip-172-31-42-60 kernel: [    0.594714] x2apic: IRQ remapping doesn't support X2APIC mode
Aug 13 17:06:57 ip-172-31-42-60 kernel: [    0.599287] Switched APIC routing to physical flat.
Aug 13 17:06:57 ip-172-31-42-60 kernel: [    0.605431] ..TIMER: vector=0x30 apic1=0 pin1=2 apic2=0 pin2=0
Aug 13 17:06:57 ip-172-31-42-60 kernel: [    0.609325] clocksource: tsc-early: mask: 0xffffffffffffffff max_cycles: 0x229873f3b2e, max_idle_ns: 440795227658 ns
Aug 13 17:06:57 ip-172-31-42-60 kernel: [    0.616086] Calibrating delay loop (skipped), value calculated using timer frequency.. 4800.12 BogoMIPS (lpj=9600256)
Aug 13 17:06:57 ip-172-31-42-60 kernel: [    0.624085] pid_max: default: 32768 minimum: 301
Aug 13 17:06:57 ip-172-31-42-60 kernel: [    0.628139] LSM: Security Framework initializing
Aug 13 17:06:57 ip-172-31-42-60 kernel: [    0.632098] Yama: becoming mindful.
Aug 13 17:06:57 ip-172-31-42-60 kernel: [    0.635068] AppArmor: AppArmor initialized
Aug 13 17:06:57 ip-172-31-42-60 kernel: [    0.640137] Mount-cache hash table entries: 2048 (order: 2, 16384 bytes, linear)
Aug 13 17:06:57 ip-172-31-42-60 kernel: [    0.648087] Mountpoint-cache hash table entries: 2048 (order: 2, 16384 bytes, linear)
Aug 13 17:06:57 ip-172-31-42-60 kernel: [    0.652104] *** VALIDATE tmpfs ***
Aug 13 17:06:57 ip-172-31-42-60 kernel: [    0.656251] *** VALIDATE proc ***
Aug 13 17:06:57 ip-172-31-42-60 kernel: [    0.660155] *** VALIDATE cgroup1 ***
Aug 13 17:06:57 ip-172-31-42-60 kernel: [    0.664085] *** VALIDATE cgroup2 ***
Aug 13 17:06:57 ip-172-31-42-60 kernel: [    0.668196] Last level iTLB entries: 4KB 1024, 2MB 1024, 4MB 1024
Aug 13 17:06:57 ip-172-31-42-60 kernel: [    0.676085] Last level dTLB entries: 4KB 1024, 2MB 1024, 4MB 1024, 1GB 4
Aug 13 17:06:57 ip-172-31-42-60 kernel: [    0.684088] Spectre V1 : Mitigation: usercopy/swapgs barriers and __user pointer sanitization
Aug 13 17:06:57 ip-172-31-42-60 kernel: [    0.688085] Spectre V2 : Mitigation: Full generic retpoline
Aug 13 17:06:57 ip-172-31-42-60 kernel: [    0.692085] Spectre V2 : Spectre v2 / SpectreRSB mitigation: Filling RSB on context switch
Aug 13 17:06:57 ip-172-31-42-60 kernel: [    0.700085] Speculative Store Bypass: Vulnerable
Aug 13 17:06:57 ip-172-31-42-60 kernel: [    0.704089] MDS: Vulnerable: Clear CPU buffers attempted, no microcode
Aug 13 17:06:57 ip-172-31-42-60 kernel: [    0.715098] clocksource: xen: mask: 0xffffffffffffffff max_cycles: 0x1cd42e4dffb, max_idle_ns: 881590591483 ns
Aug 13 17:06:57 ip-172-31-42-60 kernel: [    0.720094] Xen: using vcpuop timer interface
Aug 13 17:06:57 ip-172-31-42-60 kernel: [    0.720101] installing Xen timer for CPU 0
Aug 13 17:06:57 ip-172-31-42-60 kernel: [    0.724173] smpboot: CPU0: Intel(R) Xeon(R) CPU E5-2676 v3 @ 2.40GHz (family: 0x6, model: 0x3f, stepping: 0x2)
Aug 13 17:06:57 ip-172-31-42-60 kernel: [    0.728120] cpu 0 spinlock event irq 53
Aug 13 17:06:57 ip-172-31-42-60 kernel: [    0.731420] Performance Events: unsupported p6 CPU model 63 no PMU driver, software events only.
Aug 13 17:06:57 ip-172-31-42-60 kernel: [    0.732132] rcu: Hierarchical SRCU implementation.
Aug 13 17:06:57 ip-172-31-42-60 kernel: [    0.736146] NMI watchdog: Perf NMI watchdog permanently disabled
Aug 13 17:06:57 ip-172-31-42-60 kernel: [    0.740277] smp: Bringing up secondary CPUs ...
Aug 13 17:06:57 ip-172-31-42-60 kernel: [    0.743712] smp: Brought up 1 node, 1 CPU
Aug 13 17:06:57 ip-172-31-42-60 kernel: [    0.744093] smpboot: Max logical packages: 15
Aug 13 17:06:57 ip-172-31-42-60 kernel: [    0.747684] smpboot: Total of 1 processors activated (4800.12 BogoMIPS)
Aug 13 17:06:57 ip-172-31-42-60 kernel: [    0.748343] devtmpfs: initialized
Aug 13 17:06:57 ip-172-31-42-60 kernel: [    0.751086] x86/mm: Memory block size: 128MB
Aug 13 17:06:57 ip-172-31-42-60 kernel: [    0.752395] clocksource: jiffies: mask: 0xffffffff max_cycles: 0xffffffff, max_idle_ns: 7645041785100000 ns
Aug 13 17:06:57 ip-172-31-42-60 kernel: [    0.756143] futex hash table entries: 4096 (order: 6, 262144 bytes, linear)
Aug 13 17:06:57 ip-172-31-42-60 kernel: [    0.760212] pinctrl core: initialized pinctrl subsystem
Aug 13 17:06:57 ip-172-31-42-60 kernel: [    0.764154] PM: RTC time: 17:06:45, date: 2021-08-13
Aug 13 17:06:57 ip-172-31-42-60 kernel: [    0.768224] NET: Registered protocol family 16
Aug 13 17:06:57 ip-172-31-42-60 kernel: [    0.771427] audit: initializing netlink subsys (disabled)
Aug 13 17:06:57 ip-172-31-42-60 kernel: [    0.772278] EISA bus registered
Aug 13 17:06:57 ip-172-31-42-60 kernel: [    0.776093] audit: type=2000 audit(1628874405.010:1): state=initialized audit_enabled=0 res=1
Aug 13 17:06:57 ip-172-31-42-60 kernel: [    0.780099] cpuidle: using governor ladder
Aug 13 17:06:57 ip-172-31-42-60 kernel: [    0.784096] cpuidle: using governor menu
Aug 13 17:06:57 ip-172-31-42-60 kernel: [    0.788154] ACPI: bus type PCI registered
Aug 13 17:06:57 ip-172-31-42-60 kernel: [    0.792089] acpiphp: ACPI Hot Plug PCI Controller Driver version: 0.5
Aug 13 17:06:57 ip-172-31-42-60 kernel: [    0.796653] PCI: Using configuration type 1 for base access
Aug 13 17:06:57 ip-172-31-42-60 kernel: [    0.801474] HugeTLB registered 2.00 MiB page size, pre-allocated 0 pages
Aug 13 17:06:57 ip-172-31-42-60 kernel: [    0.804995] ACPI: Added _OSI(Module Device)
Aug 13 17:06:57 ip-172-31-42-60 kernel: [    0.808090] ACPI: Added _OSI(Processor Device)
Aug 13 17:06:57 ip-172-31-42-60 kernel: [    0.812090] ACPI: Added _OSI(3.0 _SCP Extensions)
Aug 13 17:06:57 ip-172-31-42-60 kernel: [    0.816090] ACPI: Added _OSI(Processor Aggregator Device)
Aug 13 17:06:57 ip-172-31-42-60 kernel: [    0.820105] ACPI: Added _OSI(Linux-Dell-Video)
Aug 13 17:06:57 ip-172-31-42-60 kernel: [    0.824180] ACPI: Added _OSI(Linux-Lenovo-NV-HDMI-Audio)
Aug 13 17:06:57 ip-172-31-42-60 kernel: [    0.828109] ACPI: Added _OSI(Linux-HPI-Hybrid-Graphics)
Aug 13 17:06:57 ip-172-31-42-60 kernel: [    0.836253] ACPI: 3 ACPI AML tables successfully acquired and loaded
Aug 13 17:06:57 ip-172-31-42-60 kernel: [    0.840736] xen: --> pirq=16 -> irq=9 (gsi=9)
Aug 13 17:06:57 ip-172-31-42-60 kernel: [    0.841508] ACPI: Interpreter enabled
Aug 13 17:06:57 ip-172-31-42-60 kernel: [    0.844099] ACPI: (supports S0 S4 S5)
Aug 13 17:06:57 ip-172-31-42-60 kernel: [    0.848092] ACPI: Using IOAPIC for interrupt routing
Aug 13 17:06:57 ip-172-31-42-60 kernel: [    0.852126] PCI: Using host bridge windows from ACPI; if necessary, use "pci=nocrs" and report a bug
Aug 13 17:06:57 ip-172-31-42-60 kernel: [    0.856437] ACPI: Enabled 2 GPEs in block 00 to 0F
Aug 13 17:06:57 ip-172-31-42-60 kernel: [    0.903370] ACPI: PCI Root Bridge [PCI0] (domain 0000 [bus 00-ff])
Aug 13 17:06:57 ip-172-31-42-60 kernel: [    0.904107] acpi PNP0A03:00: _OSC: OS supports [ASPM ClockPM Segments MSI HPX-Type3]
Aug 13 17:06:57 ip-172-31-42-60 kernel: [    0.908128] acpi PNP0A03:00: fail to add MMCONFIG information, can't access extended PCI configuration space under this bridge.
Aug 13 17:06:57 ip-172-31-42-60 kernel: [    0.913237] acpiphp: Slot [0] registered
Aug 13 17:06:57 ip-172-31-42-60 kernel: [    0.917465] acpiphp: Slot [3] registered
Aug 13 17:06:57 ip-172-31-42-60 kernel: [    0.920445] acpiphp: Slot [4] registered
Aug 13 17:06:57 ip-172-31-42-60 kernel: [    0.924183] acpiphp: Slot [5] registered
Aug 13 17:06:57 ip-172-31-42-60 kernel: [    0.927819] acpiphp: Slot [6] registered
Aug 13 17:06:57 ip-172-31-42-60 kernel: [    0.928421] acpiphp: Slot [7] registered
Aug 13 17:06:57 ip-172-31-42-60 kernel: [    0.932497] acpiphp: Slot [8] registered
Aug 13 17:06:57 ip-172-31-42-60 kernel: [    0.936440] acpiphp: Slot [9] registered
Aug 13 17:06:57 ip-172-31-42-60 kernel: [    0.940221] acpiphp: Slot [10] registered
Aug 13 17:06:57 ip-172-31-42-60 kernel: [    0.944147] acpiphp: Slot [11] registered
Aug 13 17:06:57 ip-172-31-42-60 kernel: [    0.948355] acpiphp: Slot [12] registered
Aug 13 17:06:57 ip-172-31-42-60 kernel: [    0.952098] acpiphp: Slot [13] registered
Aug 13 17:06:57 ip-172-31-42-60 kernel: [    0.955974] acpiphp: Slot [14] registered
Aug 13 17:06:57 ip-172-31-42-60 kernel: [    0.956704] acpiphp: Slot [15] registered
Aug 13 17:06:57 ip-172-31-42-60 kernel: [    0.960541] acpiphp: Slot [16] registered
Aug 13 17:06:57 ip-172-31-42-60 kernel: [    0.964191] acpiphp: Slot [17] registered
Aug 13 17:06:57 ip-172-31-42-60 kernel: [    0.968082] acpiphp: Slot [18] registered
Aug 13 17:06:57 ip-172-31-42-60 kernel: [    0.968432] acpiphp: Slot [19] registered
Aug 13 17:06:57 ip-172-31-42-60 kernel: [    0.972653] acpiphp: Slot [20] registered
Aug 13 17:06:57 ip-172-31-42-60 kernel: [    0.976427] acpiphp: Slot [21] registered
Aug 13 17:06:57 ip-172-31-42-60 kernel: [    0.980192] acpiphp: Slot [22] registered
Aug 13 17:06:57 ip-172-31-42-60 kernel: [    0.984082] acpiphp: Slot [23] registered
Aug 13 17:06:57 ip-172-31-42-60 kernel: [    0.984455] acpiphp: Slot [24] registered
Aug 13 17:06:57 ip-172-31-42-60 kernel: [    0.988180] acpiphp: Slot [25] registered
Aug 13 17:06:57 ip-172-31-42-60 kernel: [    0.992103] acpiphp: Slot [26] registered
Aug 13 17:06:57 ip-172-31-42-60 kernel: [    0.996633] acpiphp: Slot [27] registered
Aug 13 17:06:57 ip-172-31-42-60 kernel: [    1.000476] acpiphp: Slot [28] registered
Aug 13 17:06:57 ip-172-31-42-60 kernel: [    1.004434] acpiphp: Slot [29] registered
Aug 13 17:06:57 ip-172-31-42-60 kernel: [    1.008186] acpiphp: Slot [30] registered
Aug 13 17:06:57 ip-172-31-42-60 kernel: [    1.011760] acpiphp: Slot [31] registered
Aug 13 17:06:57 ip-172-31-42-60 kernel: [    1.012720] PCI host bridge to bus 0000:00
Aug 13 17:06:57 ip-172-31-42-60 kernel: [    1.016091] pci_bus 0000:00: root bus resource [io  0x0000-0x0cf7 window]
Aug 13 17:06:57 ip-172-31-42-60 kernel: [    1.020091] pci_bus 0000:00: root bus resource [io  0x0d00-0xffff window]
Aug 13 17:06:57 ip-172-31-42-60 kernel: [    1.024089] pci_bus 0000:00: root bus resource [mem 0x000a0000-0x000bffff window]
Aug 13 17:06:57 ip-172-31-42-60 kernel: [    1.028088] pci_bus 0000:00: root bus resource [mem 0xf0000000-0xfbffffff window]
Aug 13 17:06:57 ip-172-31-42-60 kernel: [    1.032093] pci_bus 0000:00: root bus resource [bus 00-ff]
Aug 13 17:06:57 ip-172-31-42-60 kernel: [    1.036363] pci 0000:00:00.0: [8086:1237] type 00 class 0x060000
Aug 13 17:06:57 ip-172-31-42-60 kernel: [    1.042881] pci 0000:00:01.0: [8086:7000] type 00 class 0x060100
Aug 13 17:06:57 ip-172-31-42-60 kernel: [    1.049348] pci 0000:00:01.1: [8086:7010] type 00 class 0x010180
Aug 13 17:06:57 ip-172-31-42-60 kernel: [    1.054804] pci 0000:00:01.1: reg 0x20: [io  0xc100-0xc10f]
Aug 13 17:06:57 ip-172-31-42-60 kernel: [    1.057197] pci 0000:00:01.1: legacy IDE quirk: reg 0x10: [io  0x01f0-0x01f7]
Aug 13 17:06:57 ip-172-31-42-60 kernel: [    1.060091] pci 0000:00:01.1: legacy IDE quirk: reg 0x14: [io  0x03f6]
Aug 13 17:06:57 ip-172-31-42-60 kernel: [    1.064091] pci 0000:00:01.1: legacy IDE quirk: reg 0x18: [io  0x0170-0x0177]
Aug 13 17:06:57 ip-172-31-42-60 kernel: [    1.068090] pci 0000:00:01.1: legacy IDE quirk: reg 0x1c: [io  0x0376]
Aug 13 17:06:57 ip-172-31-42-60 kernel: [    1.073365] pci 0000:00:01.3: [8086:7113] type 00 class 0x068000
Aug 13 17:06:57 ip-172-31-42-60 kernel: [    1.076150] * Found PM-Timer Bug on the chipset. Due to workarounds for a bug,
Aug 13 17:06:57 ip-172-31-42-60 kernel: [    1.076150] * this clock source is slow. Consider trying other clock sources
Aug 13 17:06:57 ip-172-31-42-60 kernel: [    1.081719] pci 0000:00:01.3: quirk: [io  0xb000-0xb03f] claimed by PIIX4 ACPI
Aug 13 17:06:57 ip-172-31-42-60 kernel: [    1.086041] pci 0000:00:02.0: [1013:00b8] type 00 class 0x030000
Aug 13 17:06:57 ip-172-31-42-60 kernel: [    1.088820] pci 0000:00:02.0: reg 0x10: [mem 0xf0000000-0xf1ffffff pref]
Aug 13 17:06:57 ip-172-31-42-60 kernel: [    1.092545] pci 0000:00:02.0: reg 0x14: [mem 0xf3000000-0xf3000fff]
Aug 13 17:06:57 ip-172-31-42-60 kernel: [    1.099567] pci 0000:00:03.0: [5853:0001] type 00 class 0xff8000
Aug 13 17:06:57 ip-172-31-42-60 kernel: [    1.100939] pci 0000:00:03.0: reg 0x10: [io  0xc000-0xc0ff]
Aug 13 17:06:57 ip-172-31-42-60 kernel: [    1.104482] pci 0000:00:03.0: reg 0x14: [mem 0xf2000000-0xf2ffffff pref]
Aug 13 17:06:57 ip-172-31-42-60 kernel: [    1.117344] ACPI: PCI Interrupt Link [LNKA] (IRQs *5 10 11)
Aug 13 17:06:57 ip-172-31-42-60 kernel: [    1.120306] ACPI: PCI Interrupt Link [LNKB] (IRQs 5 *10 11)
Aug 13 17:06:57 ip-172-31-42-60 kernel: [    1.124355] ACPI: PCI Interrupt Link [LNKC] (IRQs 5 10 *11)
Aug 13 17:06:57 ip-172-31-42-60 kernel: [    1.128373] ACPI: PCI Interrupt Link [LNKD] (IRQs *5 10 11)
Aug 13 17:06:57 ip-172-31-42-60 kernel: [    1.157283] xen:balloon: Initialising balloon driver
Aug 13 17:06:57 ip-172-31-42-60 kernel: [    1.160160] iommu: Default domain type: Translated 
Aug 13 17:06:57 ip-172-31-42-60 kernel: [    1.164234] SCSI subsystem initialized
Aug 13 17:06:57 ip-172-31-42-60 kernel: [    1.168135] libata version 3.00 loaded.
Aug 13 17:06:57 ip-172-31-42-60 kernel: [    1.168349] pci 0000:00:02.0: vgaarb: setting as boot VGA device
Aug 13 17:06:57 ip-172-31-42-60 kernel: [    1.172082] pci 0000:00:02.0: vgaarb: VGA device added: decodes=io+mem,owns=io+mem,locks=none
Aug 13 17:06:57 ip-172-31-42-60 kernel: [    1.172091] pci 0000:00:02.0: vgaarb: bridge control possible
Aug 13 17:06:57 ip-172-31-42-60 kernel: [    1.176089] vgaarb: loaded
Aug 13 17:06:57 ip-172-31-42-60 kernel: [    1.179853] ACPI: bus type USB registered
Aug 13 17:06:57 ip-172-31-42-60 kernel: [    1.180108] usbcore: registered new interface driver usbfs
Aug 13 17:06:57 ip-172-31-42-60 kernel: [    1.184101] usbcore: registered new interface driver hub
Aug 13 17:06:57 ip-172-31-42-60 kernel: [    1.188101] usbcore: registered new device driver usb
Aug 13 17:06:57 ip-172-31-42-60 kernel: [    1.192117] pps_core: LinuxPPS API ver. 1 registered
Aug 13 17:06:57 ip-172-31-42-60 kernel: [    1.196089] pps_core: Software ver. 5.3.6 - Copyright 2005-2007 Rodolfo Giometti <giometti@linux.it>
Aug 13 17:06:57 ip-172-31-42-60 kernel: [    1.200094] PTP clock support registered
Aug 13 17:06:57 ip-172-31-42-60 kernel: [    1.204163] EDAC MC: Ver: 3.0.0
Aug 13 17:06:57 ip-172-31-42-60 kernel: [    1.209008] PCI: Using ACPI for IRQ routing
Aug 13 17:06:57 ip-172-31-42-60 kernel: [    1.212089] PCI: pci_cache_line_size set to 64 bytes
Aug 13 17:06:57 ip-172-31-42-60 kernel: [    1.212538] e820: reserve RAM buffer [mem 0x0009e000-0x0009ffff]
Aug 13 17:06:57 ip-172-31-42-60 kernel: [    1.212650] NetLabel: Initializing
Aug 13 17:06:57 ip-172-31-42-60 kernel: [    1.215654] NetLabel:  domain hash size = 128
Aug 13 17:06:57 ip-172-31-42-60 kernel: [    1.216087] NetLabel:  protocols = UNLABELED CIPSOv4 CALIPSO
Aug 13 17:06:57 ip-172-31-42-60 kernel: [    1.220103] NetLabel:  unlabeled traffic allowed by default
Aug 13 17:06:57 ip-172-31-42-60 kernel: [    1.224879] hpet: 3 channels of 0 reserved for per-cpu timers
Aug 13 17:06:57 ip-172-31-42-60 kernel: [    1.228099] hpet0: at MMIO 0xfed00000, IRQs 2, 8, 0
Aug 13 17:06:57 ip-172-31-42-60 kernel: [    1.231956] hpet0: 3 comparators, 64-bit 62.500000 MHz counter
Aug 13 17:06:57 ip-172-31-42-60 kernel: [    1.234155] clocksource: Switched to clocksource xen
Aug 13 17:06:57 ip-172-31-42-60 kernel: [    1.248296] *** VALIDATE bpf ***
Aug 13 17:06:57 ip-172-31-42-60 kernel: [    1.252191] VFS: Disk quotas dquot_6.6.0
Aug 13 17:06:57 ip-172-31-42-60 kernel: [    1.256811] VFS: Dquot-cache hash table entries: 512 (order 0, 4096 bytes)
Aug 13 17:06:57 ip-172-31-42-60 kernel: [    1.264371] *** VALIDATE ramfs ***
Aug 13 17:06:57 ip-172-31-42-60 kernel: [    1.268780] *** VALIDATE hugetlbfs ***
Aug 13 17:06:57 ip-172-31-42-60 kernel: [    1.274329] AppArmor: AppArmor Filesystem Enabled
Aug 13 17:06:57 ip-172-31-42-60 kernel: [    1.278319] pnp: PnP ACPI init
Aug 13 17:06:57 ip-172-31-42-60 kernel: [    1.281148] system 00:00: [mem 0x00000000-0x0009ffff] could not be reserved
Aug 13 17:06:57 ip-172-31-42-60 kernel: [    1.287866] system 00:00: Plug and Play ACPI device, IDs PNP0c02 (active)
Aug 13 17:06:57 ip-172-31-42-60 kernel: [    1.287968] system 00:01: [io  0x08a0-0x08a3] has been reserved
Aug 13 17:06:57 ip-172-31-42-60 kernel: [    1.294635] system 00:01: [io  0x0cc0-0x0ccf] has been reserved
Aug 13 17:06:57 ip-172-31-42-60 kernel: [    1.301347] system 00:01: [io  0x04d0-0x04d1] has been reserved
Aug 13 17:06:57 ip-172-31-42-60 kernel: [    1.308163] system 00:01: Plug and Play ACPI device, IDs PNP0c02 (active)
Aug 13 17:06:57 ip-172-31-42-60 kernel: [    1.308193] xen: --> pirq=17 -> irq=8 (gsi=8)
Aug 13 17:06:57 ip-172-31-42-60 kernel: [    1.308210] pnp 00:02: Plug and Play ACPI device, IDs PNP0b00 (active)
Aug 13 17:06:57 ip-172-31-42-60 kernel: [    1.308237] xen: --> pirq=18 -> irq=12 (gsi=12)
Aug 13 17:06:57 ip-172-31-42-60 kernel: [    1.308250] pnp 00:03: Plug and Play ACPI device, IDs PNP0f13 (active)
Aug 13 17:06:57 ip-172-31-42-60 kernel: [    1.308268] xen: --> pirq=19 -> irq=1 (gsi=1)
Aug 13 17:06:57 ip-172-31-42-60 kernel: [    1.308280] pnp 00:04: Plug and Play ACPI device, IDs PNP0303 PNP030b (active)
Aug 13 17:06:57 ip-172-31-42-60 kernel: [    1.308298] xen: --> pirq=20 -> irq=6 (gsi=6)
Aug 13 17:06:57 ip-172-31-42-60 kernel: [    1.308299] pnp 00:05: [dma 2]
Aug 13 17:06:57 ip-172-31-42-60 kernel: [    1.308309] pnp 00:05: Plug and Play ACPI device, IDs PNP0700 (active)
Aug 13 17:06:57 ip-172-31-42-60 kernel: [    1.308334] xen: --> pirq=21 -> irq=4 (gsi=4)
Aug 13 17:06:57 ip-172-31-42-60 kernel: [    1.308346] pnp 00:06: Plug and Play ACPI device, IDs PNP0501 (active)
Aug 13 17:06:57 ip-172-31-42-60 kernel: [    1.308387] system 00:07: [io  0x10c0-0x1141] has been reserved
Aug 13 17:06:57 ip-172-31-42-60 kernel: [    1.315524] system 00:07: [io  0xb044-0xb047] has been reserved
Aug 13 17:06:57 ip-172-31-42-60 kernel: [    1.320837] system 00:07: Plug and Play ACPI device, IDs PNP0c02 (active)
Aug 13 17:06:57 ip-172-31-42-60 kernel: [    1.351146] pnp: PnP ACPI: found 8 devices
Aug 13 17:06:57 ip-172-31-42-60 kernel: [    1.355687] thermal_sys: Registered thermal governor 'fair_share'
Aug 13 17:06:57 ip-172-31-42-60 kernel: [    1.355688] thermal_sys: Registered thermal governor 'bang_bang'
Aug 13 17:06:57 ip-172-31-42-60 kernel: [    1.361987] thermal_sys: Registered thermal governor 'step_wise'
Aug 13 17:06:57 ip-172-31-42-60 kernel: [    1.366892] thermal_sys: Registered thermal governor 'user_space'
Aug 13 17:06:57 ip-172-31-42-60 kernel: [    1.371921] thermal_sys: Registered thermal governor 'power_allocator'
Aug 13 17:06:57 ip-172-31-42-60 kernel: [    1.382953] clocksource: acpi_pm: mask: 0xffffff max_cycles: 0xffffff, max_idle_ns: 2085701024 ns
Aug 13 17:06:57 ip-172-31-42-60 kernel: [    1.398630] pci_bus 0000:00: resource 4 [io  0x0000-0x0cf7 window]
Aug 13 17:06:57 ip-172-31-42-60 kernel: [    1.406588] pci_bus 0000:00: resource 5 [io  0x0d00-0xffff window]
Aug 13 17:06:57 ip-172-31-42-60 kernel: [    1.412897] pci_bus 0000:00: resource 6 [mem 0x000a0000-0x000bffff window]
Aug 13 17:06:57 ip-172-31-42-60 kernel: [    1.419729] pci_bus 0000:00: resource 7 [mem 0xf0000000-0xfbffffff window]
Aug 13 17:06:57 ip-172-31-42-60 kernel: [    1.425644] NET: Registered protocol family 2
Aug 13 17:06:57 ip-172-31-42-60 kernel: [    1.429290] tcp_listen_portaddr_hash hash table entries: 512 (order: 1, 8192 bytes, linear)
Aug 13 17:06:57 ip-172-31-42-60 kernel: [    1.435728] TCP established hash table entries: 8192 (order: 4, 65536 bytes, linear)
Aug 13 17:06:57 ip-172-31-42-60 kernel: [    1.444786] TCP bind hash table entries: 8192 (order: 5, 131072 bytes, linear)
Aug 13 17:06:57 ip-172-31-42-60 kernel: [    1.454255] TCP: Hash tables configured (established 8192 bind 8192)
Aug 13 17:06:57 ip-172-31-42-60 kernel: [    1.460563] UDP hash table entries: 512 (order: 2, 16384 bytes, linear)
Aug 13 17:06:57 ip-172-31-42-60 kernel: [    1.467441] UDP-Lite hash table entries: 512 (order: 2, 16384 bytes, linear)
Aug 13 17:06:57 ip-172-31-42-60 kernel: [    1.474434] NET: Registered protocol family 1
Aug 13 17:06:57 ip-172-31-42-60 kernel: [    1.479180] NET: Registered protocol family 44
Aug 13 17:06:57 ip-172-31-42-60 kernel: [    1.483202] pci 0000:00:01.0: PIIX3: Enabling Passive Release
Aug 13 17:06:57 ip-172-31-42-60 kernel: [    1.489493] pci 0000:00:00.0: Limiting direct PCI/PCI transfers
Aug 13 17:06:57 ip-172-31-42-60 kernel: [    1.496206] pci 0000:00:01.0: Activating ISA DMA hang workarounds
Aug 13 17:06:57 ip-172-31-42-60 kernel: [    1.502827] pci 0000:00:02.0: Video device with shadowed ROM at [mem 0x000c0000-0x000dffff]
Aug 13 17:06:57 ip-172-31-42-60 kernel: [    1.512864] PCI: CLS 0 bytes, default 64
Aug 13 17:06:57 ip-172-31-42-60 kernel: [    1.517724] Trying to unpack rootfs image as initramfs...
Aug 13 17:06:57 ip-172-31-42-60 kernel: [    1.525005] Freeing initrd memory: 3412K
Aug 13 17:06:57 ip-172-31-42-60 kernel: [    1.529631] check: Scanning for low memory corruption every 60 seconds
Aug 13 17:06:57 ip-172-31-42-60 kernel: [    1.537496] Initialise system trusted keyrings
Aug 13 17:06:57 ip-172-31-42-60 kernel: [    1.542556] Key type blacklist registered
Aug 13 17:06:57 ip-172-31-42-60 kernel: [    1.547146] workingset: timestamp_bits=36 max_order=18 bucket_order=0
Aug 13 17:06:57 ip-172-31-42-60 kernel: [    1.554884] zbud: loaded
Aug 13 17:06:57 ip-172-31-42-60 kernel: [    1.558457] squashfs: version 4.0 (2009/01/31) Phillip Lougher
Aug 13 17:06:57 ip-172-31-42-60 kernel: [    1.564228] fuse: init (API version 7.31)
Aug 13 17:06:57 ip-172-31-42-60 kernel: [    1.568689] *** VALIDATE fuse ***
Aug 13 17:06:57 ip-172-31-42-60 kernel: [    1.572183] *** VALIDATE fuse ***
Aug 13 17:06:57 ip-172-31-42-60 kernel: [    1.576473] Platform Keyring initialized
Aug 13 17:06:57 ip-172-31-42-60 kernel: [    1.584791] Key type asymmetric registered
Aug 13 17:06:57 ip-172-31-42-60 kernel: [    1.589375] Asymmetric key parser 'x509' registered
Aug 13 17:06:57 ip-172-31-42-60 kernel: [    1.594572] Block layer SCSI generic (bsg) driver version 0.4 loaded (major 244)
Aug 13 17:06:57 ip-172-31-42-60 kernel: [    1.601599] io scheduler mq-deadline registered
Aug 13 17:06:57 ip-172-31-42-60 kernel: [    1.607804] shpchp: Standard Hot Plug PCI Controller Driver version: 0.4
Aug 13 17:06:57 ip-172-31-42-60 kernel: [    1.618774] intel_idle: Please enable MWAIT in BIOS SETUP
Aug 13 17:06:57 ip-172-31-42-60 kernel: [    1.618874] input: Power Button as /devices/LNXSYSTM:00/LNXPWRBN:00/input/input0
Aug 13 17:06:57 ip-172-31-42-60 kernel: [    1.630922] ACPI: Power Button [PWRF]
Aug 13 17:06:57 ip-172-31-42-60 kernel: [    1.637005] input: Sleep Button as /devices/LNXSYSTM:00/LNXSLPBN:00/input/input1
Aug 13 17:06:57 ip-172-31-42-60 kernel: [    1.647277] ACPI: Sleep Button [SLPF]
Aug 13 17:06:57 ip-172-31-42-60 kernel: [    1.660806] xen: --> pirq=22 -> irq=28 (gsi=28)
Aug 13 17:06:57 ip-172-31-42-60 kernel: [    1.661034] xen:grant_table: Grant tables using version 1 layout
Aug 13 17:06:57 ip-172-31-42-60 kernel: [    1.669962] Grant table initialized
Aug 13 17:06:57 ip-172-31-42-60 kernel: [    1.675287] Cannot get hvm parameter CONSOLE_EVTCHN (18): -22!
Aug 13 17:06:57 ip-172-31-42-60 kernel: [    1.683261] Serial: 8250/16550 driver, 4 ports, IRQ sharing enabled
Aug 13 17:06:57 ip-172-31-42-60 kernel: [    1.729625] 00:06: ttyS0 at I/O 0x3f8 (irq = 4, base_baud = 115200) is a 16550A
Aug 13 17:06:57 ip-172-31-42-60 kernel: [    1.741285] Linux agpgart interface v0.103
Aug 13 17:06:57 ip-172-31-42-60 kernel: [    1.749653] loop: module loaded
Aug 13 17:06:57 ip-172-31-42-60 kernel: [    1.754898] Invalid max_queues (4), will use default max: 1.
Aug 13 17:06:57 ip-172-31-42-60 kernel: [    1.764608] ata_piix 0000:00:01.1: version 2.13
Aug 13 17:06:57 ip-172-31-42-60 kernel: [    1.765895] scsi host0: ata_piix
Aug 13 17:06:57 ip-172-31-42-60 kernel: [    1.770904] scsi host1: ata_piix
Aug 13 17:06:57 ip-172-31-42-60 kernel: [    1.775930] ata1: PATA max MWDMA2 cmd 0x1f0 ctl 0x3f6 bmdma 0xc100 irq 14
Aug 13 17:06:57 ip-172-31-42-60 kernel: [    1.784752] ata2: PATA max MWDMA2 cmd 0x170 ctl 0x376 bmdma 0xc108 irq 15
Aug 13 17:06:57 ip-172-31-42-60 kernel: [    1.796962] libphy: Fixed MDIO Bus: probed
Aug 13 17:06:57 ip-172-31-42-60 kernel: [    1.802966] tun: Universal TUN/TAP device driver, 1.6
Aug 13 17:06:57 ip-172-31-42-60 kernel: [    1.810592] PPP generic driver version 2.4.2
Aug 13 17:06:57 ip-172-31-42-60 kernel: [    1.817107] ehci_hcd: USB 2.0 'Enhanced' Host Controller (EHCI) Driver
Aug 13 17:06:57 ip-172-31-42-60 kernel: [    1.825177] ehci-pci: EHCI PCI platform driver
Aug 13 17:06:57 ip-172-31-42-60 kernel: [    1.831072] ehci-platform: EHCI generic platform driver
Aug 13 17:06:57 ip-172-31-42-60 kernel: [    1.837370] ohci_hcd: USB 1.1 'Open' Host Controller (OHCI) Driver
Aug 13 17:06:57 ip-172-31-42-60 kernel: [    1.844429] ohci-pci: OHCI PCI platform driver
Aug 13 17:06:57 ip-172-31-42-60 kernel: [    1.850717] ohci-platform: OHCI generic platform driver
Aug 13 17:06:57 ip-172-31-42-60 kernel: [    1.856919] uhci_hcd: USB Universal Host Controller Interface driver
Aug 13 17:06:57 ip-172-31-42-60 kernel: [    1.866149] i8042: PNP: PS/2 Controller [PNP0303:PS2K,PNP0f13:PS2M] at 0x60,0x64 irq 1,12
Aug 13 17:06:57 ip-172-31-42-60 kernel: [    1.878578] serio: i8042 KBD port at 0x60,0x64 irq 1
Aug 13 17:06:57 ip-172-31-42-60 kernel: [    1.884955] serio: i8042 AUX port at 0x60,0x64 irq 12
Aug 13 17:06:57 ip-172-31-42-60 kernel: [    1.891312] mousedev: PS/2 mouse device common for all mice
Aug 13 17:06:57 ip-172-31-42-60 kernel: [    1.899458] input: AT Translated Set 2 keyboard as /devices/platform/i8042/serio0/input/input2
Aug 13 17:06:57 ip-172-31-42-60 kernel: [    1.910054] rtc_cmos 00:02: registered as rtc0
Aug 13 17:06:57 ip-172-31-42-60 kernel: [    1.916431] rtc_cmos 00:02: alarms up to one day, 114 bytes nvram, hpet irqs
Aug 13 17:06:57 ip-172-31-42-60 kernel: [    1.926493] blkfront: xvda: barrier or flush: disabled; persistent grants: disabled; indirect descriptors: enabled;
Aug 13 17:06:57 ip-172-31-42-60 kernel: [    1.940266] device-mapper: uevent: version 1.0.3
Aug 13 17:06:57 ip-172-31-42-60 kernel: [    1.946959] device-mapper: ioctl: 4.41.0-ioctl (2019-09-16) initialised: dm-devel@redhat.com
Aug 13 17:06:57 ip-172-31-42-60 kernel: [    1.960825] platform eisa.0: Probing EISA bus 0
Aug 13 17:06:57 ip-172-31-42-60 kernel: [    1.966583] platform eisa.0: EISA: Cannot allocate resource for mainboard
Aug 13 17:06:57 ip-172-31-42-60 kernel: [    1.974955] platform eisa.0: Cannot allocate resource for EISA slot 1
Aug 13 17:06:57 ip-172-31-42-60 kernel: [    1.983882] platform eisa.0: Cannot allocate resource for EISA slot 2
Aug 13 17:06:57 ip-172-31-42-60 kernel: [    1.993377] platform eisa.0: Cannot allocate resource for EISA slot 3
Aug 13 17:06:57 ip-172-31-42-60 kernel: [    2.001832]  xvda: xvda1
Aug 13 17:06:57 ip-172-31-42-60 kernel: [    2.006079] platform eisa.0: Cannot allocate resource for EISA slot 4
Aug 13 17:06:57 ip-172-31-42-60 kernel: [    2.015287] platform eisa.0: Cannot allocate resource for EISA slot 5
Aug 13 17:06:57 ip-172-31-42-60 kernel: [    2.023750] platform eisa.0: Cannot allocate resource for EISA slot 6
Aug 13 17:06:57 ip-172-31-42-60 kernel: [    2.032730] platform eisa.0: Cannot allocate resource for EISA slot 7
Aug 13 17:06:57 ip-172-31-42-60 kernel: [    2.041385] platform eisa.0: Cannot allocate resource for EISA slot 8
Aug 13 17:06:57 ip-172-31-42-60 kernel: [    2.050215] platform eisa.0: EISA: Detected 0 cards
Aug 13 17:06:57 ip-172-31-42-60 kernel: [    2.056731] intel_pstate: CPU model not supported
Aug 13 17:06:57 ip-172-31-42-60 kernel: [    2.060983] drop_monitor: Initializing network drop monitor service
Aug 13 17:06:57 ip-172-31-42-60 kernel: [    2.065921] NET: Registered protocol family 10
Aug 13 17:06:57 ip-172-31-42-60 kernel: [    2.071531] Segment Routing with IPv6
Aug 13 17:06:57 ip-172-31-42-60 kernel: [    2.076939] NET: Registered protocol family 17
Aug 13 17:06:57 ip-172-31-42-60 kernel: [    2.080615] Key type dns_resolver registered
Aug 13 17:06:57 ip-172-31-42-60 kernel: [    2.084424] RAS: Correctable Errors collector initialized.
Aug 13 17:06:57 ip-172-31-42-60 kernel: [    2.088753] *** VALIDATE rdt ***
Aug 13 17:06:57 ip-172-31-42-60 kernel: [    2.091619] resctrl: L3 allocation detected
Aug 13 17:06:57 ip-172-31-42-60 kernel: [    2.096147] IPI shorthand broadcast: enabled
Aug 13 17:06:57 ip-172-31-42-60 kernel: [    2.100940] sched_clock: Marking stable (1568801429, 532108906)->(2392557359, -291647024)
Aug 13 17:06:57 ip-172-31-42-60 kernel: [    2.109128] registered taskstats version 1
Aug 13 17:06:57 ip-172-31-42-60 kernel: [    2.113898] Loading compiled-in X.509 certificates
Aug 13 17:06:57 ip-172-31-42-60 kernel: [    2.120739] Loaded X.509 cert 'Build time autogenerated kernel key: 2f23e58b967d5c60223cc47a5e108077e96f5372'
Aug 13 17:06:57 ip-172-31-42-60 kernel: [    2.131839] Loaded X.509 cert 'Canonical Ltd. Live Patch Signing: 14df34d1a87cf37625abec039ef2bf521249b969'
Aug 13 17:06:57 ip-172-31-42-60 kernel: [    2.142257] Loaded X.509 cert 'Canonical Ltd. Kernel Module Signing: 88f752e560a1e0737e31163a466ad7b70a850c19'
Aug 13 17:06:57 ip-172-31-42-60 kernel: [    2.150585] zswap: loaded using pool lzo/zbud
Aug 13 17:06:57 ip-172-31-42-60 kernel: [    2.155538] Key type ._fscrypt registered
Aug 13 17:06:57 ip-172-31-42-60 kernel: [    2.160750] Key type .fscrypt registered
Aug 13 17:06:57 ip-172-31-42-60 kernel: [    2.167159] Key type big_key registered
Aug 13 17:06:57 ip-172-31-42-60 kernel: [    2.171542] Key type encrypted registered
Aug 13 17:06:57 ip-172-31-42-60 kernel: [    2.176193] AppArmor: AppArmor sha1 policy hashing enabled
Aug 13 17:06:57 ip-172-31-42-60 kernel: [    2.182455] ima: No TPM chip found, activating TPM-bypass!
Aug 13 17:06:57 ip-172-31-42-60 kernel: [    2.188322] ima: Allocated hash algorithm: sha1
Aug 13 17:06:57 ip-172-31-42-60 kernel: [    2.194142] ima: No architecture policies found
Aug 13 17:06:57 ip-172-31-42-60 kernel: [    2.199369] evm: Initialising EVM extended attributes:
Aug 13 17:06:57 ip-172-31-42-60 kernel: [    2.205611] evm: security.selinux
Aug 13 17:06:57 ip-172-31-42-60 kernel: [    2.209770] evm: security.SMACK64
Aug 13 17:06:57 ip-172-31-42-60 kernel: [    2.214149] evm: security.SMACK64EXEC
Aug 13 17:06:57 ip-172-31-42-60 kernel: [    2.218554] evm: security.SMACK64TRANSMUTE
Aug 13 17:06:57 ip-172-31-42-60 kernel: [    2.223503] evm: security.SMACK64MMAP
Aug 13 17:06:57 ip-172-31-42-60 kernel: [    2.227842] evm: security.apparmor
Aug 13 17:06:57 ip-172-31-42-60 kernel: [    2.232280] evm: security.ima
Aug 13 17:06:57 ip-172-31-42-60 kernel: [    2.236649] evm: security.capability
Aug 13 17:06:57 ip-172-31-42-60 kernel: [    2.241007] evm: HMAC attrs: 0x1
Aug 13 17:06:57 ip-172-31-42-60 kernel: [    2.245346] xenbus_probe_frontend: Device with no driver: device/vif/0
Aug 13 17:06:57 ip-172-31-42-60 kernel: [    2.253324] PM:   Magic number: 1:856:137
Aug 13 17:06:57 ip-172-31-42-60 kernel: [    2.258298] rtc_cmos 00:02: setting system clock to 2021-08-13T17:06:46 UTC (1628874406)
Aug 13 17:06:57 ip-172-31-42-60 kernel: [    2.268948] md: Waiting for all devices to be available before autodetect
Aug 13 17:06:57 ip-172-31-42-60 kernel: [    2.276435] md: If you don't use raid, use raid=noautodetect
Aug 13 17:06:57 ip-172-31-42-60 kernel: [    2.282806] md: Autodetecting RAID arrays.
Aug 13 17:06:57 ip-172-31-42-60 kernel: [    2.287958] md: autorun ...
Aug 13 17:06:57 ip-172-31-42-60 kernel: [    2.291659] md: ... autorun DONE.
Aug 13 17:06:57 ip-172-31-42-60 kernel: [    2.310725] EXT4-fs (xvda1): mounted filesystem with ordered data mode. Opts: (null)
Aug 13 17:06:57 ip-172-31-42-60 kernel: [    2.319437] VFS: Mounted root (ext4 filesystem) readonly on device 202:1.
Aug 13 17:06:57 ip-172-31-42-60 kernel: [    2.326642] devtmpfs: mounted
Aug 13 17:06:57 ip-172-31-42-60 kernel: [    2.331410] Freeing unused decrypted memory: 2036K
Aug 13 17:06:57 ip-172-31-42-60 kernel: [    2.337075] Freeing unused kernel image memory: 2664K
Aug 13 17:06:57 ip-172-31-42-60 kernel: [    2.344164] Write protecting the kernel read-only data: 22528k
Aug 13 17:06:57 ip-172-31-42-60 kernel: [    2.353243] Freeing unused kernel image memory: 2008K
Aug 13 17:06:57 ip-172-31-42-60 kernel: [    2.359141] Freeing unused kernel image memory: 1460K
Aug 13 17:06:57 ip-172-31-42-60 kernel: [    2.374382] x86/mm: Checked W+X mappings: passed, no W+X pages found.
Aug 13 17:06:57 ip-172-31-42-60 kernel: [    2.382662] x86/mm: Checking user space page tables
Aug 13 17:06:57 ip-172-31-42-60 kernel: [    2.397699] x86/mm: Checked W+X mappings: passed, no W+X pages found.
Aug 13 17:06:57 ip-172-31-42-60 kernel: [    2.405911] Run /sbin/init as init process
Aug 13 17:06:57 ip-172-31-42-60 kernel: [    2.540186] tsc: Refined TSC clocksource calibration: 2399.999 MHz
Aug 13 17:06:57 ip-172-31-42-60 kernel: [    2.545825] clocksource: tsc: mask: 0xffffffffffffffff max_cycles: 0x2298364cab5, max_idle_ns: 440795214892 ns
Aug 13 17:06:57 ip-172-31-42-60 kernel: [    2.731083] systemd[1]: Inserted module 'autofs4'
Aug 13 17:06:57 ip-172-31-42-60 kernel: [    2.761547] systemd[1]: systemd 245.4-4ubuntu3.6 running in system mode. (+PAM +AUDIT +SELINUX +IMA +APPARMOR +SMACK +SYSVINIT +UTMP +LIBCRYPTSETUP +GCRYPT +GNUTLS +ACL +XZ +LZ4 +SECCOMP +BLKID +ELFUTILS +KMOD +IDN2 -IDN +PCRE2 default-hierarchy=hybrid)
Aug 13 17:06:57 ip-172-31-42-60 kernel: [    2.786743] systemd[1]: Detected virtualization xen.
Aug 13 17:06:57 ip-172-31-42-60 kernel: [    2.792457] systemd[1]: Detected architecture x86-64.
Aug 13 17:06:57 ip-172-31-42-60 kernel: [    2.825578] systemd[1]: Set hostname to <ubuntu>.
Aug 13 17:06:57 ip-172-31-42-60 kernel: [    2.837436] systemd[1]: Initializing machine ID from random generator.
Aug 13 17:06:57 ip-172-31-42-60 kernel: [    2.842514] systemd[1]: Installed transient /etc/machine-id file.
Aug 13 17:06:57 ip-172-31-42-60 kernel: [    3.255607] systemd[1]: Created slice system-modprobe.slice.
Aug 13 17:06:57 ip-172-31-42-60 kernel: [    3.263361] systemd[1]: Created slice system-serial\x2dgetty.slice.
Aug 13 17:06:57 ip-172-31-42-60 kernel: [    3.271584] systemd[1]: Created slice User and Session Slice.
Aug 13 17:06:57 ip-172-31-42-60 kernel: [    3.279255] systemd[1]: Started Forward Password Requests to Wall Directory Watch.
Aug 13 17:06:57 ip-172-31-42-60 kernel: [    3.289059] systemd[1]: Set up automount Arbitrary Executable File Formats File System Automount Point.
Aug 13 17:06:57 ip-172-31-42-60 kernel: [    3.300178] systemd[1]: Reached target User and Group Name Lookups.
Aug 13 17:06:57 ip-172-31-42-60 kernel: [    3.308301] systemd[1]: Reached target Slices.
Aug 13 17:06:57 ip-172-31-42-60 kernel: [    3.314491] systemd[1]: Reached target Swap.
Aug 13 17:06:57 ip-172-31-42-60 kernel: [    3.320051] systemd[1]: Listening on Device-mapper event daemon FIFOs.
Aug 13 17:06:57 ip-172-31-42-60 kernel: [    3.328578] systemd[1]: Listening on LVM2 poll daemon socket.
Aug 13 17:06:57 ip-172-31-42-60 kernel: [    3.336235] systemd[1]: Listening on multipathd control socket.
Aug 13 17:06:57 ip-172-31-42-60 kernel: [    3.344464] systemd[1]: Listening on Syslog Socket.
Aug 13 17:06:57 ip-172-31-42-60 kernel: [    3.352053] systemd[1]: Listening on fsck to fsckd communication Socket.
Aug 13 17:06:57 ip-172-31-42-60 kernel: [    3.360467] systemd[1]: Listening on initctl Compatibility Named Pipe.
Aug 13 17:06:57 ip-172-31-42-60 kernel: [    3.369515] systemd[1]: Listening on Journal Audit Socket.
Aug 13 17:06:57 ip-172-31-42-60 kernel: [    3.377362] systemd[1]: Listening on Journal Socket (/dev/log).
Aug 13 17:06:57 ip-172-31-42-60 kernel: [    3.385832] systemd[1]: Listening on Journal Socket.
Aug 13 17:06:57 ip-172-31-42-60 kernel: [    3.393299] systemd[1]: Listening on Network Service Netlink Socket.
Aug 13 17:06:57 ip-172-31-42-60 kernel: [    3.401898] systemd[1]: Listening on udev Control Socket.
Aug 13 17:06:57 ip-172-31-42-60 kernel: [    3.409302] systemd[1]: Listening on udev Kernel Socket.
Aug 13 17:06:57 ip-172-31-42-60 kernel: [    3.417820] systemd[1]: Mounting Huge Pages File System...
Aug 13 17:06:57 ip-172-31-42-60 kernel: [    3.428079] systemd[1]: Mounting POSIX Message Queue File System...
Aug 13 17:06:57 ip-172-31-42-60 kernel: [    3.439002] systemd[1]: Mounting Kernel Debug File System...
Aug 13 17:06:57 ip-172-31-42-60 kernel: [    3.449555] systemd[1]: Mounting Kernel Trace File System...
Aug 13 17:06:57 ip-172-31-42-60 kernel: [    3.461213] systemd[1]: Starting Journal Service...
Aug 13 17:06:57 ip-172-31-42-60 kernel: [    3.476306] systemd[1]: Starting Set the console keyboard layout...
Aug 13 17:06:57 ip-172-31-42-60 kernel: [    3.496840] systemd[1]: Starting Create list of static device nodes for the current kernel...
Aug 13 17:06:57 ip-172-31-42-60 kernel: [    3.523041] systemd[1]: Starting Monitoring of LVM2 mirrors, snapshots etc. using dmeventd or progress polling...
Aug 13 17:06:57 ip-172-31-42-60 kernel: [    3.572321] systemd[1]: Starting Load Kernel Module drm...
Aug 13 17:06:57 ip-172-31-42-60 kernel: [    3.596673] systemd[1]: Condition check resulted in Set Up Additional Binary Formats being skipped.
Aug 13 17:06:57 ip-172-31-42-60 kernel: [    3.613085] systemd[1]: Starting File System Check on Root Device...
Aug 13 17:06:57 ip-172-31-42-60 kernel: [    3.641094] systemd[1]: Starting Load Kernel Modules...
Aug 13 17:06:57 ip-172-31-42-60 kernel: [    3.662639] systemd[1]: Starting udev Coldplug all Devices...
Aug 13 17:06:57 ip-172-31-42-60 kernel: [    3.678167] systemd[1]: Starting Uncomplicated firewall...
Aug 13 17:06:57 ip-172-31-42-60 kernel: [    3.689973] systemd[1]: Started Journal Service.
Aug 13 17:06:57 ip-172-31-42-60 kernel: [    3.829372] EXT4-fs (xvda1): re-mounted. Opts: discard
Aug 13 17:06:57 ip-172-31-42-60 kernel: [    3.899374] systemd-journald[159]: Received client request to flush runtime journal.
Aug 13 17:06:57 ip-172-31-42-60 kernel: [    4.643080] xen_netfront: Initialising Xen virtual ethernet driver
Aug 13 17:06:57 ip-172-31-42-60 kernel: [    4.651939] cryptd: max_cpu_qlen set to 1000
Aug 13 17:06:57 ip-172-31-42-60 kernel: [    4.671301] AVX2 version of gcm_enc/dec engaged.
Aug 13 17:06:57 ip-172-31-42-60 kernel: [    4.671302] AES CTR mode by8 optimization enabled
Aug 13 17:06:57 ip-172-31-42-60 kernel: [    5.090307] alua: device handler registered
Aug 13 17:06:57 ip-172-31-42-60 kernel: [    5.091968] emc: device handler registered
Aug 13 17:06:57 ip-172-31-42-60 kernel: [    5.093840] rdac: device handler registered
Aug 13 17:06:57 ip-172-31-42-60 kernel: [    5.820381] audit: type=1400 audit(1628874410.060:2): apparmor="STATUS" operation="profile_load" profile="unconfined" name="/usr/lib/snapd/snap-confine" pid=302 comm="apparmor_parser"
Aug 13 17:06:57 ip-172-31-42-60 kernel: [    5.820745] audit: type=1400 audit(1628874410.060:3): apparmor="STATUS" operation="profile_load" profile="unconfined" name="/usr/lib/snapd/snap-confine//mount-namespace-capture-helper" pid=302 comm="apparmor_parser"
Aug 13 17:06:57 ip-172-31-42-60 kernel: [    5.867531] audit: type=1400 audit(1628874410.104:4): apparmor="STATUS" operation="profile_load" profile="unconfined" name="nvidia_modprobe" pid=306 comm="apparmor_parser"
Aug 13 17:06:57 ip-172-31-42-60 kernel: [    5.868058] audit: type=1400 audit(1628874410.104:5): apparmor="STATUS" operation="profile_load" profile="unconfined" name="nvidia_modprobe//kmod" pid=306 comm="apparmor_parser"
Aug 13 17:06:57 ip-172-31-42-60 kernel: [    5.937169] audit: type=1400 audit(1628874410.176:6): apparmor="STATUS" operation="profile_load" profile="unconfined" name="/usr/bin/man" pid=307 comm="apparmor_parser"
Aug 13 17:06:57 ip-172-31-42-60 kernel: [    5.937658] audit: type=1400 audit(1628874410.176:7): apparmor="STATUS" operation="profile_load" profile="unconfined" name="man_filter" pid=307 comm="apparmor_parser"
Aug 13 17:06:57 ip-172-31-42-60 kernel: [    5.938111] audit: type=1400 audit(1628874410.176:8): apparmor="STATUS" operation="profile_load" profile="unconfined" name="man_groff" pid=307 comm="apparmor_parser"
Aug 13 17:06:57 ip-172-31-42-60 kernel: [    6.051396] audit: type=1400 audit(1628874410.288:9): apparmor="STATUS" operation="profile_load" profile="unconfined" name="/usr/sbin/tcpdump" pid=308 comm="apparmor_parser"
Aug 13 17:06:57 ip-172-31-42-60 kernel: [    6.216922] audit: type=1400 audit(1628874410.456:10): apparmor="STATUS" operation="profile_load" profile="unconfined" name="/usr/lib/NetworkManager/nm-dhcp-client.action" pid=309 comm="apparmor_parser"
Aug 13 17:06:57 ip-172-31-42-60 kernel: [    6.217478] audit: type=1400 audit(1628874410.456:11): apparmor="STATUS" operation="profile_load" profile="unconfined" name="/usr/lib/NetworkManager/nm-dhcp-helper" pid=309 comm="apparmor_parser"
Aug 13 17:06:57 ip-172-31-42-60 systemd-fsck[172]: cloudimg-rootfs: clean, 68759/1024000 files, 405373/2096891 blocks
Aug 13 17:06:57 ip-172-31-42-60 systemd[1]: Mounted Huge Pages File System.
Aug 13 17:06:57 ip-172-31-42-60 systemd[1]: Mounted POSIX Message Queue File System.
Aug 13 17:06:57 ip-172-31-42-60 systemd[1]: Mounted Kernel Debug File System.
Aug 13 17:06:57 ip-172-31-42-60 systemd[1]: Mounted Kernel Trace File System.
Aug 13 17:06:57 ip-172-31-42-60 systemd[1]: Finished Set the console keyboard layout.
Aug 13 17:06:57 ip-172-31-42-60 systemd[1]: Finished Create list of static device nodes for the current kernel.
Aug 13 17:06:57 ip-172-31-42-60 systemd[1]: modprobe@drm.service: Succeeded.
Aug 13 17:06:57 ip-172-31-42-60 systemd[1]: Finished Load Kernel Module drm.
Aug 13 17:06:57 ip-172-31-42-60 systemd[1]: Finished File System Check on Root Device.
Aug 13 17:06:57 ip-172-31-42-60 systemd[1]: Finished Load Kernel Modules.
Aug 13 17:06:57 ip-172-31-42-60 systemd[1]: Finished Uncomplicated firewall.
Aug 13 17:06:57 ip-172-31-42-60 systemd[1]: Mounting FUSE Control File System...
Aug 13 17:06:57 ip-172-31-42-60 systemd[1]: Mounting Kernel Configuration File System...
Aug 13 17:06:57 ip-172-31-42-60 systemd[1]: Started File System Check Daemon to report status.
Aug 13 17:06:57 ip-172-31-42-60 systemd[1]: Starting Remount Root and Kernel File Systems...
Aug 13 17:06:57 ip-172-31-42-60 systemd[1]: Starting Apply Kernel Variables...
Aug 13 17:06:57 ip-172-31-42-60 systemd[1]: Mounted FUSE Control File System.
Aug 13 17:06:57 ip-172-31-42-60 systemd[1]: Mounted Kernel Configuration File System.
Aug 13 17:06:57 ip-172-31-42-60 systemd-sysctl[181]: Not setting net/ipv4/conf/all/promote_secondaries (explicit setting exists).
Aug 13 17:06:57 ip-172-31-42-60 systemd-sysctl[181]: Not setting net/ipv4/conf/default/promote_secondaries (explicit setting exists).
Aug 13 17:06:57 ip-172-31-42-60 systemd[1]: Finished udev Coldplug all Devices.
Aug 13 17:06:57 ip-172-31-42-60 systemd[1]: Finished Remount Root and Kernel File Systems.
Aug 13 17:06:57 ip-172-31-42-60 systemd[1]: Finished Apply Kernel Variables.
Aug 13 17:06:57 ip-172-31-42-60 systemd[1]: Condition check resulted in Rebuild Hardware Database being skipped.
Aug 13 17:06:57 ip-172-31-42-60 systemd[1]: Starting Flush Journal to Persistent Storage...
Aug 13 17:06:57 ip-172-31-42-60 systemd[1]: Condition check resulted in Platform Persistent Storage Archival being skipped.
Aug 13 17:06:57 ip-172-31-42-60 systemd[1]: Starting Load/Save Random Seed...
Aug 13 17:06:57 ip-172-31-42-60 systemd[1]: Starting Create System Users...
Aug 13 17:06:57 ip-172-31-42-60 systemd[1]: Starting udev Wait for Complete Device Initialization...
Aug 13 17:06:57 ip-172-31-42-60 systemd[1]: Finished Load/Save Random Seed.
Aug 13 17:06:57 ip-172-31-42-60 systemd-sysusers[188]: Creating group systemd-coredump with gid 999.
Aug 13 17:06:57 ip-172-31-42-60 systemd-sysusers[188]: Creating user systemd-coredump (systemd Core Dumper) with uid 999 and gid 999.
Aug 13 17:06:57 ip-172-31-42-60 systemd[1]: Finished Flush Journal to Persistent Storage.
Aug 13 17:06:57 ip-172-31-42-60 systemd[1]: Finished Create System Users.
Aug 13 17:06:57 ip-172-31-42-60 systemd[1]: Starting Create Static Device Nodes in /dev...
Aug 13 17:06:57 ip-172-31-42-60 systemd[1]: Finished Create Static Device Nodes in /dev.
Aug 13 17:06:57 ip-172-31-42-60 systemd[1]: Starting udev Kernel Device Manager...
Aug 13 17:06:57 ip-172-31-42-60 systemd[1]: Started udev Kernel Device Manager.
Aug 13 17:06:57 ip-172-31-42-60 systemd[1]: Condition check resulted in Show Plymouth Boot Screen being skipped.
Aug 13 17:06:57 ip-172-31-42-60 systemd[1]: Started Dispatch Password Requests to Console Directory Watch.
Aug 13 17:06:57 ip-172-31-42-60 systemd[1]: Condition check resulted in Forward Password Requests to Plymouth Directory Watch being skipped.
Aug 13 17:06:57 ip-172-31-42-60 systemd[1]: Reached target Local Encrypted Volumes.
Aug 13 17:06:57 ip-172-31-42-60 systemd[1]: Found device /dev/ttyS0.
Aug 13 17:06:57 ip-172-31-42-60 systemd[1]: Listening on Load/Save RF Kill Switch Status /dev/rfkill Watch.
Aug 13 17:06:57 ip-172-31-42-60 systemd-udevd[196]: ethtool: autonegotiation is unset or enabled, the speed and duplex are not writable.
Aug 13 17:06:57 ip-172-31-42-60 systemd-udevd[195]: Using default interface naming scheme 'v245'.
Aug 13 17:06:57 ip-172-31-42-60 udevadm[189]: systemd-udev-settle.service is deprecated.
Aug 13 17:06:57 ip-172-31-42-60 systemd-udevd[195]: ethtool: autonegotiation is unset or enabled, the speed and duplex are not writable.
Aug 13 17:06:57 ip-172-31-42-60 systemd[1]: Finished Monitoring of LVM2 mirrors, snapshots etc. using dmeventd or progress polling.
Aug 13 17:06:57 ip-172-31-42-60 systemd[1]: Finished udev Wait for Complete Device Initialization.
Aug 13 17:06:57 ip-172-31-42-60 systemd[1]: Starting Device-Mapper Multipath Device Controller...
Aug 13 17:06:57 ip-172-31-42-60 multipathd[271]: --------start up--------
Aug 13 17:06:57 ip-172-31-42-60 multipathd[271]: read /etc/multipath.conf
Aug 13 17:06:57 ip-172-31-42-60 multipathd[271]: xvda: failed to get udev uid: Invalid argument
Aug 13 17:06:57 ip-172-31-42-60 multipathd[271]: xvda: failed to get unknown uid: Invalid argument
Aug 13 17:06:57 ip-172-31-42-60 multipathd[271]: path checkers start up
Aug 13 17:06:57 ip-172-31-42-60 systemd[1]: Started Device-Mapper Multipath Device Controller.
Aug 13 17:06:57 ip-172-31-42-60 systemd[1]: Reached target Local File Systems (Pre).
Aug 13 17:06:57 ip-172-31-42-60 systemd[1]: Mounting Mount unit for amazon-ssm-agent, revision 3552...
Aug 13 17:06:57 ip-172-31-42-60 systemd[1]: Mounting Mount unit for core18, revision 1997...
Aug 13 17:06:57 ip-172-31-42-60 systemd[1]: Mounting Mount unit for lxd, revision 19647...
Aug 13 17:06:57 ip-172-31-42-60 systemd[1]: Mounting Mount unit for snapd, revision 11588...
Aug 13 17:06:57 ip-172-31-42-60 systemd[1]: Mounted Mount unit for amazon-ssm-agent, revision 3552.
Aug 13 17:06:57 ip-172-31-42-60 systemd[1]: Mounted Mount unit for core18, revision 1997.
Aug 13 17:06:57 ip-172-31-42-60 systemd[1]: Mounted Mount unit for lxd, revision 19647.
Aug 13 17:06:57 ip-172-31-42-60 systemd[1]: Mounted Mount unit for snapd, revision 11588.
Aug 13 17:06:57 ip-172-31-42-60 systemd[1]: Reached target Local File Systems.
Aug 13 17:06:57 ip-172-31-42-60 systemd[1]: Starting Load AppArmor profiles...
Aug 13 17:06:57 ip-172-31-42-60 systemd[1]: Starting Set console font and keymap...
Aug 13 17:06:57 ip-172-31-42-60 apparmor.systemd[286]: Restarting AppArmor
Aug 13 17:06:57 ip-172-31-42-60 apparmor.systemd[286]: Reloading AppArmor profiles
Aug 13 17:06:57 ip-172-31-42-60 systemd[1]: Starting Create final runtime dir for shutdown pivot root...
Aug 13 17:06:57 ip-172-31-42-60 systemd[1]: Condition check resulted in LXD - agent - 9p mount being skipped.
Aug 13 17:06:57 ip-172-31-42-60 systemd[1]: Condition check resulted in LXD - agent being skipped.
Aug 13 17:06:57 ip-172-31-42-60 systemd[1]: Starting Tell Plymouth To Write Out Runtime Data...
Aug 13 17:06:57 ip-172-31-42-60 systemd[1]: Condition check resulted in Store a System Token in an EFI Variable being skipped.
Aug 13 17:06:57 ip-172-31-42-60 systemd[1]: Starting Commit a transient machine-id on disk...
Aug 13 17:06:57 ip-172-31-42-60 systemd[1]: Starting Create Volatile Files and Directories...
Aug 13 17:06:57 ip-172-31-42-60 systemd[1]: etc-machine\x2did.mount: Succeeded.
Aug 13 17:06:57 ip-172-31-42-60 systemd[1]: Finished Set console font and keymap.
Aug 13 17:06:57 ip-172-31-42-60 systemd[1]: Finished Create final runtime dir for shutdown pivot root.
Aug 13 17:06:57 ip-172-31-42-60 systemd[1]: plymouth-read-write.service: Succeeded.
Aug 13 17:06:57 ip-172-31-42-60 systemd[1]: Finished Tell Plymouth To Write Out Runtime Data.
Aug 13 17:06:57 ip-172-31-42-60 systemd[1]: Finished Commit a transient machine-id on disk.
Aug 13 17:06:57 ip-172-31-42-60 systemd[1]: Finished Create Volatile Files and Directories.
Aug 13 17:06:57 ip-172-31-42-60 systemd[1]: Starting Network Time Synchronization...
Aug 13 17:06:57 ip-172-31-42-60 systemd[1]: Starting Update UTMP about System Boot/Shutdown...
Aug 13 17:06:57 ip-172-31-42-60 systemd[1]: Finished Update UTMP about System Boot/Shutdown.
Aug 13 17:06:57 ip-172-31-42-60 systemd[1]: Started Network Time Synchronization.
Aug 13 17:06:57 ip-172-31-42-60 systemd[1]: Reached target System Time Set.
Aug 13 17:06:57 ip-172-31-42-60 systemd[1]: Reached target System Time Synchronized.
Aug 13 17:06:57 ip-172-31-42-60 apparmor.systemd[311]: Skipping profile in /etc/apparmor.d/disable: usr.sbin.rsyslogd
Aug 13 17:06:57 ip-172-31-42-60 systemd[1]: Finished Load AppArmor profiles.
Aug 13 17:06:57 ip-172-31-42-60 systemd[1]: Starting Load AppArmor profiles managed internally by snapd...
Aug 13 17:06:57 ip-172-31-42-60 systemd[1]: Condition check resulted in Authentication service for virtual machines hosted on VMware being skipped.
Aug 13 17:06:57 ip-172-31-42-60 systemd[1]: Condition check resulted in Service for virtual machines hosted on VMware being skipped.
Aug 13 17:06:57 ip-172-31-42-60 systemd[1]: Starting Initial cloud-init job (pre-networking)...
Aug 13 17:06:57 ip-172-31-42-60 dhclient[341]: Internet Systems Consortium DHCP Client 4.4.1
Aug 13 17:06:57 ip-172-31-42-60 dhclient[341]: Copyright 2004-2018 Internet Systems Consortium.
Aug 13 17:06:57 ip-172-31-42-60 dhclient[341]: All rights reserved.
Aug 13 17:06:57 ip-172-31-42-60 dhclient[341]: For info, please visit https://www.isc.org/software/dhcp/
Aug 13 17:06:57 ip-172-31-42-60 dhclient[341]: 
Aug 13 17:06:57 ip-172-31-42-60 dhclient[341]: Listening on LPF/eth0/0e:ba:5e:ce:5f:17
Aug 13 17:06:57 ip-172-31-42-60 dhclient[341]: Sending on   LPF/eth0/0e:ba:5e:ce:5f:17
Aug 13 17:06:57 ip-172-31-42-60 dhclient[341]: Sending on   Socket/fallback
Aug 13 17:06:57 ip-172-31-42-60 dhclient[341]: DHCPDISCOVER on eth0 to 255.255.255.255 port 67 interval 3 (xid=0xeca01c6d)
Aug 13 17:06:57 ip-172-31-42-60 dhclient[341]: DHCPOFFER of 172.31.42.60 from 172.31.32.1
Aug 13 17:06:57 ip-172-31-42-60 dhclient[341]: DHCPREQUEST for 172.31.42.60 on eth0 to 255.255.255.255 port 67 (xid=0x6d1ca0ec)
Aug 13 17:06:57 ip-172-31-42-60 dhclient[341]: DHCPACK of 172.31.42.60 from 172.31.32.1 (xid=0xeca01c6d)
Aug 13 17:06:57 ip-172-31-42-60 dhclient[341]: bound to 172.31.42.60 -- renewal in 1699 seconds.
Aug 13 17:06:57 ip-172-31-42-60 systemd[1]: Condition check resulted in OpenVSwitch configuration for cleanup being skipped.
Aug 13 17:06:57 ip-172-31-42-60 cloud-init[336]: Cloud-init v. 21.1-19-gbad84ad4-0ubuntu1~20.04.2 running 'init-local' at Fri, 13 Aug 2021 17:06:51 +0000. Up 7.21 seconds.
Aug 13 17:06:57 ip-172-31-42-60 systemd[1]: Finished Load AppArmor profiles managed internally by snapd.
Aug 13 17:06:57 ip-172-31-42-60 systemd[1]: Finished Initial cloud-init job (pre-networking).
Aug 13 17:06:57 ip-172-31-42-60 systemd[1]: Reached target Network (Pre).
Aug 13 17:06:57 ip-172-31-42-60 systemd[1]: Starting Network Service...
Aug 13 17:06:57 ip-172-31-42-60 systemd-networkd[377]: Enumeration completed
Aug 13 17:06:57 ip-172-31-42-60 systemd[1]: Started Network Service.
Aug 13 17:06:57 ip-172-31-42-60 systemd-networkd[377]: eth0: Link UP
Aug 13 17:06:57 ip-172-31-42-60 systemd-networkd[377]: eth0: Gained carrier
Aug 13 17:06:57 ip-172-31-42-60 systemd-timesyncd[303]: Network configuration changed, trying to establish connection.
Aug 13 17:06:57 ip-172-31-42-60 systemd[1]: Starting Wait for Network to be Configured...
Aug 13 17:06:57 ip-172-31-42-60 systemd-networkd[377]: eth0: Link DOWN
Aug 13 17:06:57 ip-172-31-42-60 systemd-networkd[377]: eth0: Lost carrier
Aug 13 17:06:57 ip-172-31-42-60 systemd-networkd[377]: eth0: IPv6 successfully enabled
Aug 13 17:06:57 ip-172-31-42-60 systemd-networkd[377]: eth0: Link UP
Aug 13 17:06:57 ip-172-31-42-60 systemd-networkd[377]: eth0: Gained carrier
Aug 13 17:06:57 ip-172-31-42-60 systemd-networkd[377]: eth0: DHCPv4 address 172.31.42.60/20 via 172.31.32.1
Aug 13 17:06:57 ip-172-31-42-60 systemd-timesyncd[303]: Network configuration changed, trying to establish connection.
Aug 13 17:06:57 ip-172-31-42-60 systemd[1]: Starting Network Name Resolution...
Aug 13 17:06:57 ip-172-31-42-60 systemd-resolved[380]: Positive Trust Anchors:
Aug 13 17:06:57 ip-172-31-42-60 systemd-resolved[380]: . IN DS 20326 8 2 e06d44b80b8f1d39a95c0b0d7c65d08458e880409bbc683457104237c7f8ec8d
Aug 13 17:06:57 ip-172-31-42-60 systemd-resolved[380]: Negative trust anchors: 10.in-addr.arpa 16.172.in-addr.arpa 17.172.in-addr.arpa 18.172.in-addr.arpa 19.172.in-addr.arpa 20.172.in-addr.arpa 21.172.in-addr.arpa 22.172.in-addr.arpa 23.172.in-addr.arpa 24.172.in-addr.arpa 25.172.in-addr.arpa 26.172.in-addr.arpa 27.172.in-addr.arpa 28.172.in-addr.arpa 29.172.in-addr.arpa 30.172.in-addr.arpa 31.172.in-addr.arpa 168.192.in-addr.arpa d.f.ip6.arpa corp home internal intranet lan local private test
Aug 13 17:06:57 ip-172-31-42-60 systemd-resolved[380]: Using system hostname 'ip-172-31-42-60'.
Aug 13 17:06:57 ip-172-31-42-60 systemd[1]: Started Network Name Resolution.
Aug 13 17:06:57 ip-172-31-42-60 systemd[1]: Reached target Network.
Aug 13 17:06:57 ip-172-31-42-60 systemd[1]: Reached target Host and Network Name Lookups.
Aug 13 17:06:57 ip-172-31-42-60 systemd-networkd[377]: eth0: Gained IPv6LL
Aug 13 17:06:57 ip-172-31-42-60 systemd-timesyncd[303]: Network configuration changed, trying to establish connection.
Aug 13 17:06:57 ip-172-31-42-60 systemd-networkd-wait-online[378]: managing: eth0
Aug 13 17:06:57 ip-172-31-42-60 systemd[1]: Finished Wait for Network to be Configured.
Aug 13 17:06:57 ip-172-31-42-60 systemd[1]: Starting Initial cloud-init job (metadata service crawler)...
Aug 13 17:06:57 ip-172-31-42-60 cloud-init[396]: Cloud-init v. 21.1-19-gbad84ad4-0ubuntu1~20.04.2 running 'init' at Fri, 13 Aug 2021 17:06:55 +0000. Up 10.62 seconds.
Aug 13 17:06:57 ip-172-31-42-60 cloud-init[396]: ci-info: ++++++++++++++++++++++++++++++++++++++Net device info+++++++++++++++++++++++++++++++++++++++
Aug 13 17:06:57 ip-172-31-42-60 cloud-init[396]: ci-info: +--------+------+-----------------------------+---------------+--------+-------------------+
Aug 13 17:06:57 ip-172-31-42-60 cloud-init[396]: ci-info: | Device |  Up  |           Address           |      Mask     | Scope  |     Hw-Address    |
Aug 13 17:06:57 ip-172-31-42-60 cloud-init[396]: ci-info: +--------+------+-----------------------------+---------------+--------+-------------------+
Aug 13 17:06:57 ip-172-31-42-60 cloud-init[396]: ci-info: |  eth0  | True |         172.31.42.60        | 255.255.240.0 | global | 0e:ba:5e:ce:5f:17 |
Aug 13 17:06:57 ip-172-31-42-60 cloud-init[396]: ci-info: |  eth0  | True | fe80::cba:5eff:fece:5f17/64 |       .       |  link  | 0e:ba:5e:ce:5f:17 |
Aug 13 17:06:57 ip-172-31-42-60 cloud-init[396]: ci-info: |   lo   | True |          127.0.0.1          |   255.0.0.0   |  host  |         .         |
Aug 13 17:06:57 ip-172-31-42-60 cloud-init[396]: ci-info: |   lo   | True |           ::1/128           |       .       |  host  |         .         |
Aug 13 17:06:57 ip-172-31-42-60 cloud-init[396]: ci-info: +--------+------+-----------------------------+---------------+--------+-------------------+
Aug 13 17:06:57 ip-172-31-42-60 cloud-init[396]: ci-info: ++++++++++++++++++++++++++++++Route IPv4 info++++++++++++++++++++++++++++++
Aug 13 17:06:57 ip-172-31-42-60 cloud-init[396]: ci-info: +-------+-------------+-------------+-----------------+-----------+-------+
Aug 13 17:06:57 ip-172-31-42-60 cloud-init[396]: ci-info: | Route | Destination |   Gateway   |     Genmask     | Interface | Flags |
Aug 13 17:06:57 ip-172-31-42-60 cloud-init[396]: ci-info: +-------+-------------+-------------+-----------------+-----------+-------+
Aug 13 17:06:57 ip-172-31-42-60 cloud-init[396]: ci-info: |   0   |   0.0.0.0   | 172.31.32.1 |     0.0.0.0     |    eth0   |   UG  |
Aug 13 17:06:57 ip-172-31-42-60 cloud-init[396]: ci-info: |   1   | 172.31.32.0 |   0.0.0.0   |  255.255.240.0  |    eth0   |   U   |
Aug 13 17:06:57 ip-172-31-42-60 cloud-init[396]: ci-info: |   2   | 172.31.32.1 |   0.0.0.0   | 255.255.255.255 |    eth0   |   UH  |
Aug 13 17:06:57 ip-172-31-42-60 cloud-init[396]: ci-info: +-------+-------------+-------------+-----------------+-----------+-------+
Aug 13 17:06:57 ip-172-31-42-60 cloud-init[396]: ci-info: +++++++++++++++++++Route IPv6 info+++++++++++++++++++
Aug 13 17:06:57 ip-172-31-42-60 cloud-init[396]: ci-info: +-------+-------------+---------+-----------+-------+
Aug 13 17:06:57 ip-172-31-42-60 cloud-init[396]: ci-info: | Route | Destination | Gateway | Interface | Flags |
Aug 13 17:06:57 ip-172-31-42-60 cloud-init[396]: ci-info: +-------+-------------+---------+-----------+-------+
Aug 13 17:06:57 ip-172-31-42-60 cloud-init[396]: ci-info: |   1   |  fe80::/64  |    ::   |    eth0   |   U   |
Aug 13 17:06:57 ip-172-31-42-60 cloud-init[396]: ci-info: |   3   |    local    |    ::   |    eth0   |   U   |
Aug 13 17:06:57 ip-172-31-42-60 cloud-init[396]: ci-info: |   4   |  multicast  |    ::   |    eth0   |   U   |
Aug 13 17:06:57 ip-172-31-42-60 cloud-init[396]: ci-info: +-------+-------------+---------+-----------+-------+
Aug 13 17:06:57 ip-172-31-42-60 cloud-init[396]: Generating public/private rsa key pair.
Aug 13 17:06:57 ip-172-31-42-60 cloud-init[396]: Your identification has been saved in /etc/ssh/ssh_host_rsa_key
Aug 13 17:06:57 ip-172-31-42-60 cloud-init[396]: Your public key has been saved in /etc/ssh/ssh_host_rsa_key.pub
Aug 13 17:06:57 ip-172-31-42-60 cloud-init[396]: The key fingerprint is:
Aug 13 17:06:57 ip-172-31-42-60 cloud-init[396]: SHA256:eIPjqOQjCZUzAmVipZ84juPD6kHzknqiiJYrKuNz2m4 root@ip-172-31-42-60
Aug 13 17:06:57 ip-172-31-42-60 cloud-init[396]: The key's randomart image is:
Aug 13 17:06:57 ip-172-31-42-60 cloud-init[396]: +---[RSA 3072]----+
Aug 13 17:06:57 ip-172-31-42-60 cloud-init[396]: |.o+.             |
Aug 13 17:06:57 ip-172-31-42-60 cloud-init[396]: |oo.              |
Aug 13 17:06:57 ip-172-31-42-60 cloud-init[396]: |.. .             |
Aug 13 17:06:57 ip-172-31-42-60 cloud-init[396]: |. B .  o         |
Aug 13 17:06:57 ip-172-31-42-60 cloud-init[396]: | B =  + S        |
Aug 13 17:06:57 ip-172-31-42-60 cloud-init[396]: |= =  o o .       |
Aug 13 17:06:57 ip-172-31-42-60 cloud-init[396]: |=*o.. .          |
Aug 13 17:06:57 ip-172-31-42-60 cloud-init[396]: |%X*E             |
Aug 13 17:06:57 ip-172-31-42-60 cloud-init[396]: |^@@+             |
Aug 13 17:06:57 ip-172-31-42-60 cloud-init[396]: +----[SHA256]-----+
Aug 13 17:06:57 ip-172-31-42-60 cloud-init[396]: Generating public/private dsa key pair.
Aug 13 17:06:57 ip-172-31-42-60 cloud-init[396]: Your identification has been saved in /etc/ssh/ssh_host_dsa_key
Aug 13 17:06:57 ip-172-31-42-60 cloud-init[396]: Your public key has been saved in /etc/ssh/ssh_host_dsa_key.pub
Aug 13 17:06:57 ip-172-31-42-60 cloud-init[396]: The key fingerprint is:
Aug 13 17:06:57 ip-172-31-42-60 cloud-init[396]: SHA256:TDpwxiTWvL6Nq/JKO2p4OAZBSIT2thtCGtmuqWbjECY root@ip-172-31-42-60
Aug 13 17:06:57 ip-172-31-42-60 cloud-init[396]: The key's randomart image is:
Aug 13 17:06:57 ip-172-31-42-60 cloud-init[396]: +---[DSA 1024]----+
Aug 13 17:06:57 ip-172-31-42-60 cloud-init[396]: |=o  oo.          |
Aug 13 17:06:57 ip-172-31-42-60 cloud-init[396]: |oo . +o          |
Aug 13 17:06:57 ip-172-31-42-60 cloud-init[396]: |oo. . +..        |
Aug 13 17:06:57 ip-172-31-42-60 cloud-init[396]: |+..o +.+         |
Aug 13 17:06:57 ip-172-31-42-60 cloud-init[396]: |E=. ..o S        |
Aug 13 17:06:57 ip-172-31-42-60 cloud-init[396]: |=o.o  ..         |
Aug 13 17:06:57 ip-172-31-42-60 cloud-init[396]: |++o o  +         |
Aug 13 17:06:57 ip-172-31-42-60 cloud-init[396]: |BB+o  o .        |
Aug 13 17:06:57 ip-172-31-42-60 cloud-init[396]: |X=+=o...         |
Aug 13 17:06:57 ip-172-31-42-60 cloud-init[396]: +----[SHA256]-----+
Aug 13 17:06:57 ip-172-31-42-60 cloud-init[396]: Generating public/private ecdsa key pair.
Aug 13 17:06:57 ip-172-31-42-60 cloud-init[396]: Your identification has been saved in /etc/ssh/ssh_host_ecdsa_key
Aug 13 17:06:57 ip-172-31-42-60 cloud-init[396]: Your public key has been saved in /etc/ssh/ssh_host_ecdsa_key.pub
Aug 13 17:06:57 ip-172-31-42-60 cloud-init[396]: The key fingerprint is:
Aug 13 17:06:57 ip-172-31-42-60 cloud-init[396]: SHA256:t0JlV+b0fRfCtJP+JtrHMO3TNcq9ttGB4BSOAhLMMsk root@ip-172-31-42-60
Aug 13 17:06:57 ip-172-31-42-60 cloud-init[396]: The key's randomart image is:
Aug 13 17:06:57 ip-172-31-42-60 cloud-init[396]: +---[ECDSA 256]---+
Aug 13 17:06:57 ip-172-31-42-60 cloud-init[396]: |. +o..     .oo+. |
Aug 13 17:06:57 ip-172-31-42-60 cloud-init[396]: | E o. .   o .*+.o|
Aug 13 17:06:57 ip-172-31-42-60 cloud-init[396]: |  o    . .o+.+. =|
Aug 13 17:06:57 ip-172-31-42-60 cloud-init[396]: |        .oo.o o o|
Aug 13 17:06:57 ip-172-31-42-60 cloud-init[396]: |        S .. o.. |
Aug 13 17:06:57 ip-172-31-42-60 cloud-init[396]: |       . . . o.o+|
Aug 13 17:06:57 ip-172-31-42-60 cloud-init[396]: |        . . ..B+=|
Aug 13 17:06:57 ip-172-31-42-60 cloud-init[396]: |         .  oooBo|
Aug 13 17:06:57 ip-172-31-42-60 cloud-init[396]: |           . .oo+|
Aug 13 17:06:57 ip-172-31-42-60 cloud-init[396]: +----[SHA256]-----+
Aug 13 17:06:57 ip-172-31-42-60 cloud-init[396]: Generating public/private ed25519 key pair.
Aug 13 17:06:57 ip-172-31-42-60 cloud-init[396]: Your identification has been saved in /etc/ssh/ssh_host_ed25519_key
Aug 13 17:06:57 ip-172-31-42-60 cloud-init[396]: Your public key has been saved in /etc/ssh/ssh_host_ed25519_key.pub
Aug 13 17:06:57 ip-172-31-42-60 cloud-init[396]: The key fingerprint is:
Aug 13 17:06:57 ip-172-31-42-60 cloud-init[396]: SHA256:5GY6B2FvENgF3ABQwLUHuW+C9HZyrjvuOUbfYmxd6KY root@ip-172-31-42-60
Aug 13 17:06:57 ip-172-31-42-60 cloud-init[396]: The key's randomart image is:
Aug 13 17:06:57 ip-172-31-42-60 cloud-init[396]: +--[ED25519 256]--+
Aug 13 17:06:57 ip-172-31-42-60 cloud-init[396]: | .o==*+=.        |
Aug 13 17:06:57 ip-172-31-42-60 cloud-init[396]: |  . ooo..        |
Aug 13 17:06:57 ip-172-31-42-60 cloud-init[396]: |    ..= .        |
Aug 13 17:06:57 ip-172-31-42-60 cloud-init[396]: |  . .o *         |
Aug 13 17:06:57 ip-172-31-42-60 cloud-init[396]: | . o .. S.       |
Aug 13 17:06:57 ip-172-31-42-60 cloud-init[396]: |  . * =*. .      |
Aug 13 17:06:57 ip-172-31-42-60 cloud-init[396]: |   o Xo+..       |
Aug 13 17:06:57 ip-172-31-42-60 cloud-init[396]: |    +.Bo=        |
Aug 13 17:06:57 ip-172-31-42-60 cloud-init[396]: |   +*BE+         |
Aug 13 17:06:57 ip-172-31-42-60 systemd[1]: Finished Initial cloud-init job (metadata service crawler).
Aug 13 17:06:57 ip-172-31-42-60 acpid: starting up with netlink and the input layer
Aug 13 17:06:57 ip-172-31-42-60 cloud-init[396]: +----[SHA256]-----+
Aug 13 17:06:56 ip-172-31-42-60 systemd[1]: Reached target Cloud-config availability.
Aug 13 17:06:56 ip-172-31-42-60 acpid: 2 rules loaded
Aug 13 17:06:56 ip-172-31-42-60 systemd[1]: Reached target Network is Online.
Aug 13 17:06:56 ip-172-31-42-60 acpid: waiting for events: event logging is off
Aug 13 17:06:56 ip-172-31-42-60 systemd[1]: Reached target System Initialization.
Aug 13 17:06:56 ip-172-31-42-60 cron[451]: (CRON) INFO (pidfile fd = 3)
Aug 13 17:06:56 ip-172-31-42-60 systemd[1]: Started ACPI Events Check.
Aug 13 17:06:56 ip-172-31-42-60 cron[451]: (CRON) INFO (Running @reboot jobs)
Aug 13 17:06:56 ip-172-31-42-60 systemd[1]: Condition check resulted in Process error reports when automatic reporting is enabled (file watch) being skipped.
Aug 13 17:06:56 ip-172-31-42-60 /usr/sbin/irqbalance: Balancing is ineffective on systems with a single cpu.  Shutting down
Aug 13 17:06:56 ip-172-31-42-60 systemd[1]: Started Daily apt download activities.
Aug 13 17:06:57 ip-172-31-42-60 systemd[1]: Started Daily apt upgrade and clean activities.
Aug 13 17:06:57 ip-172-31-42-60 systemd[1]: Started Periodic ext4 Online Metadata Check for All Filesystems.
Aug 13 17:06:57 ip-172-31-42-60 systemd[1]: Started Discard unused blocks once a week.
Aug 13 17:06:57 ip-172-31-42-60 systemd[1]: Started Refresh fwupd metadata regularly.
Aug 13 17:06:57 ip-172-31-42-60 systemd[1]: Started Daily rotation of log files.
Aug 13 17:06:57 ip-172-31-42-60 systemd[1]: Started Daily man-db regeneration.
Aug 13 17:06:57 ip-172-31-42-60 systemd[1]: Started Message of the Day.
Aug 13 17:06:57 ip-172-31-42-60 systemd[1]: Condition check resulted in Timer to automatically fetch and run repair assertions being skipped.
Aug 13 17:06:57 ip-172-31-42-60 systemd[1]: Started Daily Cleanup of Temporary Directories.
Aug 13 17:06:57 ip-172-31-42-60 systemd[1]: Reached target Paths.
Aug 13 17:06:57 ip-172-31-42-60 systemd[1]: Reached target Timers.
Aug 13 17:06:57 ip-172-31-42-60 systemd[1]: Listening on ACPID Listen Socket.
Aug 13 17:06:57 ip-172-31-42-60 systemd[1]: Condition check resulted in Unix socket for apport crash forwarding being skipped.
Aug 13 17:06:57 ip-172-31-42-60 systemd[1]: Listening on D-Bus System Message Bus Socket.
Aug 13 17:06:57 ip-172-31-42-60 systemd[1]: Listening on Open-iSCSI iscsid Socket.
Aug 13 17:06:57 ip-172-31-42-60 systemd[1]: Starting Socket activation for snappy daemon.
Aug 13 17:06:57 ip-172-31-42-60 systemd[1]: Listening on UUID daemon activation socket.
Aug 13 17:06:57 ip-172-31-42-60 systemd[1]: Condition check resulted in Login to default iSCSI targets being skipped.
Aug 13 17:06:57 ip-172-31-42-60 systemd[1]: Reached target Remote File Systems (Pre).
Aug 13 17:06:57 ip-172-31-42-60 systemd[1]: Reached target Remote File Systems.
Aug 13 17:06:57 ip-172-31-42-60 systemd[1]: Starting Availability of block devices...
Aug 13 17:06:57 ip-172-31-42-60 systemd[1]: Listening on Socket activation for snappy daemon.
Aug 13 17:06:57 ip-172-31-42-60 systemd[1]: Finished Availability of block devices.
Aug 13 17:06:57 ip-172-31-42-60 systemd[1]: Reached target Sockets.
Aug 13 17:06:57 ip-172-31-42-60 systemd[1]: Reached target Basic System.
Aug 13 17:06:57 ip-172-31-42-60 systemd[1]: Starting Accounts Service...
Aug 13 17:06:57 ip-172-31-42-60 systemd[1]: Started ACPI event daemon.
Aug 13 17:06:57 ip-172-31-42-60 systemd[1]: Starting LSB: automatic crash report generation...
Aug 13 17:06:57 ip-172-31-42-60 systemd[1]: Starting Deferred execution scheduler...
Aug 13 17:06:57 ip-172-31-42-60 systemd[1]: Started Regular background program processing daemon.
Aug 13 17:06:57 ip-172-31-42-60 systemd[1]: Started D-Bus System Message Bus.
Aug 13 17:06:57 ip-172-31-42-60 systemd[1]: Started Save initial kernel messages after boot.
Aug 13 17:06:57 ip-172-31-42-60 systemd[1]: Starting Remove Stale Online ext4 Metadata Check Snapshots...
Aug 13 17:06:57 ip-172-31-42-60 systemd[1]: Starting EC2 Instance Connect Host Key Harvesting...
Aug 13 17:06:57 ip-172-31-42-60 systemd[1]: Condition check resulted in getty on tty2-tty6 if dbus and logind are not available being skipped.
Aug 13 17:06:57 ip-172-31-42-60 systemd[1]: Starting LSB: Record successful boot for GRUB...
Aug 13 17:06:57 ip-172-31-42-60 systemd[1]: Started irqbalance daemon.
Aug 13 17:06:57 ip-172-31-42-60 systemd[1]: Starting Dispatcher daemon for systemd-networkd...
Aug 13 17:06:57 ip-172-31-42-60 systemd[1]: Condition check resulted in Set the CPU Frequency Scaling governor being skipped.
Aug 13 17:06:57 ip-172-31-42-60 systemd[1]: Starting Pollinate to seed the pseudo random number generator...
Aug 13 17:06:57 ip-172-31-42-60 systemd[1]: Condition check resulted in fast remote file copy program daemon being skipped.
Aug 13 17:06:57 ip-172-31-42-60 systemd[1]: Starting System Logging Service...
Aug 13 17:06:57 ip-172-31-42-60 systemd[1]: Condition check resulted in Secure Boot updates for DB and DBX being skipped.
Aug 13 17:06:57 ip-172-31-42-60 systemd[1]: Condition check resulted in Automatically repair incorrect owner/permissions on core devices being skipped.
Aug 13 17:06:57 ip-172-31-42-60 systemd[1]: Condition check resulted in Wait for the Ubuntu Core chooser trigger being skipped.
Aug 13 17:06:57 ip-172-31-42-60 systemd[1]: Starting Snap Daemon...
Aug 13 17:06:57 ip-172-31-42-60 systemd[1]: Starting Login Service...
Aug 13 17:06:57 ip-172-31-42-60 systemd[1]: Starting Permit User Sessions...
Aug 13 17:06:57 ip-172-31-42-60 systemd[1]: Started Deferred execution scheduler.
Aug 13 17:06:57 ip-172-31-42-60 systemd[1]: e2scrub_reap.service: Succeeded.
Aug 13 17:06:57 ip-172-31-42-60 systemd[1]: Finished Remove Stale Online ext4 Metadata Check Snapshots.
Aug 13 17:06:57 ip-172-31-42-60 systemd[1]: irqbalance.service: Succeeded.
Aug 13 17:06:57 ip-172-31-42-60 systemd[1]: Finished Permit User Sessions.
Aug 13 17:06:57 ip-172-31-42-60 rsyslogd: imuxsock: Acquired UNIX socket '/run/systemd/journal/syslog' (fd 3) from systemd.  [v8.2001.0]
Aug 13 17:06:57 ip-172-31-42-60 rsyslogd: rsyslogd's groupid changed to 110
Aug 13 17:06:57 ip-172-31-42-60 rsyslogd: rsyslogd's userid changed to 104
Aug 13 17:06:57 ip-172-31-42-60 rsyslogd: [origin software="rsyslogd" swVersion="8.2001.0" x-pid="465" x-info="https://www.rsyslog.com"] start
Aug 13 17:06:57 ip-172-31-42-60 systemd[1]: Started System Logging Service.
Aug 13 17:06:57 ip-172-31-42-60 apport[446]:  * Starting automatic crash report generation: apport
Aug 13 17:06:57 ip-172-31-42-60 apport[446]:    ...done.
Aug 13 17:06:57 ip-172-31-42-60 systemd[1]: Started LSB: automatic crash report generation.
Aug 13 17:06:57 ip-172-31-42-60 pollinate[464]: client sent challenge to [https://entropy.ubuntu.com/]
Aug 13 17:06:57 ip-172-31-42-60 grub-common[457]:  * Recording successful boot for GRUB
Aug 13 17:06:57 ip-172-31-42-60 systemd[1]: Starting Hold until boot process finishes up...
Aug 13 17:06:57 ip-172-31-42-60 systemd[1]: Starting Terminate Plymouth Boot Screen...
Aug 13 17:06:57 ip-172-31-42-60 networkd-dispatcher[463]: No valid path found for iwconfig
Aug 13 17:06:57 ip-172-31-42-60 networkd-dispatcher[463]: No valid path found for iw
Aug 13 17:06:57 ip-172-31-42-60 grub-common[457]:    ...done.
Aug 13 17:06:57 ip-172-31-42-60 systemd[1]: Started LSB: Record successful boot for GRUB.
Aug 13 17:06:57 ip-172-31-42-60 systemd[1]: plymouth-quit-wait.service: Succeeded.
Aug 13 17:06:57 ip-172-31-42-60 systemd[1]: Finished Hold until boot process finishes up.
Aug 13 17:06:57 ip-172-31-42-60 systemd[1]: plymouth-quit.service: Succeeded.
Aug 13 17:06:57 ip-172-31-42-60 systemd[1]: Finished Terminate Plymouth Boot Screen.
Aug 13 17:06:57 ip-172-31-42-60 systemd[1]: Starting GRUB failed boot detection...
Aug 13 17:06:57 ip-172-31-42-60 systemd[1]: Started Serial Getty on ttyS0.
Aug 13 17:06:57 ip-172-31-42-60 snapd[466]: AppArmor status: apparmor is enabled and all features are available
Aug 13 17:06:57 ip-172-31-42-60 systemd[1]: Starting Set console scheme...
Aug 13 17:06:57 ip-172-31-42-60 systemd[1]: Finished Set console scheme.
Aug 13 17:06:57 ip-172-31-42-60 systemd[1]: grub-initrd-fallback.service: Succeeded.
Aug 13 17:06:57 ip-172-31-42-60 systemd[1]: Finished GRUB failed boot detection.
Aug 13 17:06:57 ip-172-31-42-60 dbus-daemon[452]: [system] AppArmor D-Bus mediation is enabled
Aug 13 17:06:57 ip-172-31-42-60 dbus-daemon[452]: [system] Activating systemd to hand-off: service name='org.freedesktop.hostname1' unit='dbus-org.freedesktop.hostname1.service' requested by ':1.0' (uid=100 pid=377 comm="/lib/systemd/systemd-networkd " label="unconfined")
Aug 13 17:06:57 ip-172-31-42-60 dbus-daemon[452]: [system] Successfully activated service 'org.freedesktop.systemd1'
Aug 13 17:06:57 ip-172-31-42-60 systemd[1]: Started Login Service.
Aug 13 17:06:57 ip-172-31-42-60 systemd[1]: Started Dispatcher daemon for systemd-networkd.
Aug 13 17:06:57 ip-172-31-42-60 systemd[1]: Created slice system-getty.slice.
Aug 13 17:06:57 ip-172-31-42-60 systemd[1]: Started Getty on tty1.
Aug 13 17:06:57 ip-172-31-42-60 systemd[1]: Reached target Login Prompts.
Aug 13 17:06:57 ip-172-31-42-60 systemd[1]: Starting Hostname Service...
Aug 13 17:06:57 ip-172-31-42-60 systemd[1]: Started Unattended Upgrades Shutdown.
Aug 13 17:06:57 ip-172-31-42-60 dbus-daemon[452]: [system] Activating via systemd: service name='org.freedesktop.PolicyKit1' unit='polkit.service' requested by ':1.5' (uid=0 pid=443 comm="/usr/lib/accountsservice/accounts-daemon " label="unconfined")
Aug 13 17:06:57 ip-172-31-42-60 systemd[1]: Starting Authorization Manager...
Aug 13 17:06:57 ip-172-31-42-60 pollinate[464]: client verified challenge/response with [https://entropy.ubuntu.com/]
Aug 13 17:06:57 ip-172-31-42-60 systemd[1]: ec2-instance-connect.service: Succeeded.
Aug 13 17:06:57 ip-172-31-42-60 systemd[1]: Finished EC2 Instance Connect Host Key Harvesting.
Aug 13 17:06:57 ip-172-31-42-60 pollinate[464]: client hashed response from [https://entropy.ubuntu.com/]
Aug 13 17:06:57 ip-172-31-42-60 polkitd[612]: started daemon version 0.105 using authority implementation `local' version `0.105'
Aug 13 17:06:57 ip-172-31-42-60 dbus-daemon[452]: [system] Successfully activated service 'org.freedesktop.PolicyKit1'
Aug 13 17:06:57 ip-172-31-42-60 systemd[1]: Started Authorization Manager.
Aug 13 17:06:57 ip-172-31-42-60 accounts-daemon[443]: started daemon version 0.6.55
Aug 13 17:06:57 ip-172-31-42-60 pollinate[464]: client successfully seeded [/dev/urandom]
Aug 13 17:06:57 ip-172-31-42-60 systemd[1]: Started Accounts Service.
Aug 13 17:06:57 ip-172-31-42-60 systemd[1]: pollinate.service: Succeeded.
Aug 13 17:06:57 ip-172-31-42-60 systemd[1]: Finished Pollinate to seed the pseudo random number generator.
Aug 13 17:06:57 ip-172-31-42-60 systemd[1]: Starting OpenBSD Secure Shell server...
Aug 13 17:06:58 ip-172-31-42-60 systemd[1]: Started OpenBSD Secure Shell server.
Aug 13 17:06:58 ip-172-31-42-60 dbus-daemon[452]: [system] Successfully activated service 'org.freedesktop.hostname1'
Aug 13 17:06:58 ip-172-31-42-60 systemd[1]: Started Hostname Service.
Aug 13 17:06:58 ip-172-31-42-60 snapd[466]: AppArmor status: apparmor is enabled and all features are available
Aug 13 17:06:58 ip-172-31-42-60 snapd[466]: patch.go:64: Patching system state level 6 to sublevel 1...
Aug 13 17:06:58 ip-172-31-42-60 snapd[466]: patch.go:64: Patching system state level 6 to sublevel 2...
Aug 13 17:06:58 ip-172-31-42-60 snapd[466]: patch.go:64: Patching system state level 6 to sublevel 3...
Aug 13 17:06:58 ip-172-31-42-60 snapd[466]: daemon.go:347: started snapd/2.49.2 (series 16; classic) ubuntu/20.04 (amd64) linux/5.4.0-1045-aws.
Aug 13 17:06:58 ip-172-31-42-60 systemd[1]: tmp-sanity\x2dmountpoint\x2d183942710.mount: Succeeded.
Aug 13 17:06:58 ip-172-31-42-60 snapd[466]: daemon.go:440: adjusting startup timeout by 50s (pessimistic estimate of 30s plus 5s per snap)
Aug 13 17:06:59 ip-172-31-42-60 systemd[1]: Started Snap Daemon.
Aug 13 17:06:59 ip-172-31-42-60 systemd[1]: Starting Wait until snapd is fully seeded...
Aug 13 17:07:00 ip-172-31-42-60 systemd[1]: Started snap.lxd.hook.install.2d38b69c-3ca1-4ff9-bb28-043555601a9d.scope.
Aug 13 17:07:00 ip-172-31-42-60 systemd[1]: tmp-snap.rootfs_9ShC6q.mount: Succeeded.
Aug 13 17:07:01 ip-172-31-42-60 systemd[1]: snap.lxd.hook.install.2d38b69c-3ca1-4ff9-bb28-043555601a9d.scope: Succeeded.
Aug 13 17:07:01 ip-172-31-42-60 systemd[1]: Reloading.
Aug 13 17:07:01 ip-172-31-42-60 systemd[1]: Reloading.
Aug 13 17:07:02 ip-172-31-42-60 systemd[1]: dmesg.service: Succeeded.
Aug 13 17:07:02 ip-172-31-42-60 systemd[1]: Listening on Socket unix for snap application lxd.daemon.
Aug 13 17:07:02 ip-172-31-42-60 systemd[1]: Starting Service for snap application lxd.activate...
Aug 13 17:07:02 ip-172-31-42-60 lxd.activate[761]: => Starting LXD activation
Aug 13 17:07:02 ip-172-31-42-60 lxd.activate[761]: ==> Creating missing snap configuration
Aug 13 17:07:02 ip-172-31-42-60 lxd.activate[761]: ==> Loading snap configuration
Aug 13 17:07:02 ip-172-31-42-60 lxd.activate[761]: ==> Checking for socket activation support
Aug 13 17:07:03 ip-172-31-42-60 lxd.activate[761]: ==> Creating "lxd" user
Aug 13 17:07:03 ip-172-31-42-60 lxd.activate[761]: ==> Setting LXD socket ownership
Aug 13 17:07:03 ip-172-31-42-60 lxd.activate[761]: ==> LXD never started on this system, no need to start it now
Aug 13 17:07:03 ip-172-31-42-60 systemd[1]: snap.lxd.activate.service: Succeeded.
Aug 13 17:07:03 ip-172-31-42-60 systemd[1]: Finished Service for snap application lxd.activate.
Aug 13 17:07:03 ip-172-31-42-60 systemd[1]: Started snap.lxd.hook.configure.52f063b6-9021-4399-abb9-0baa60611997.scope.
Aug 13 17:07:03 ip-172-31-42-60 systemd[1]: snap.lxd.hook.configure.52f063b6-9021-4399-abb9-0baa60611997.scope: Succeeded.
Aug 13 17:07:03 ip-172-31-42-60 systemd[1]: Reloading.
Aug 13 17:07:03 ip-172-31-42-60 systemd[1]: Started Service for snap application amazon-ssm-agent.amazon-ssm-agent.
Aug 13 17:07:04 ip-172-31-42-60 amazon-ssm-agent.amazon-ssm-agent[1032]: Error occurred fetching the seelog config file path:  open /etc/amazon/ssm/seelog.xml: no such file or directory
Aug 13 17:07:04 ip-172-31-42-60 amazon-ssm-agent.amazon-ssm-agent[1032]: Initializing new seelog logger
Aug 13 17:07:04 ip-172-31-42-60 amazon-ssm-agent.amazon-ssm-agent[1032]: New Seelog Logger Creation Complete
Aug 13 17:07:04 ip-172-31-42-60 amazon-ssm-agent.amazon-ssm-agent[1032]: 2021-08-13 17:07:04 WARN Error adding the directory '/etc/amazon/ssm' to watcher: no such file or directory
Aug 13 17:07:04 ip-172-31-42-60 amazon-ssm-agent.amazon-ssm-agent[1032]: 2021-08-13 17:07:04 INFO [amazon-ssm-agent] amazon-ssm-agent - v3.0.529.0
Aug 13 17:07:04 ip-172-31-42-60 amazon-ssm-agent.amazon-ssm-agent[1032]: 2021-08-13 17:07:04 INFO [amazon-ssm-agent] OS: linux, Arch: amd64
Aug 13 17:07:05 ip-172-31-42-60 amazon-ssm-agent.amazon-ssm-agent[1032]: 2021-08-13 17:07:05 INFO [amazon-ssm-agent] [LongRunningWorkerContainer] [WorkerProvider] Worker ssm-agent-worker is not running, starting worker process
Aug 13 17:07:05 ip-172-31-42-60 amazon-ssm-agent.amazon-ssm-agent[1032]: 2021-08-13 17:07:05 INFO [amazon-ssm-agent] [LongRunningWorkerContainer] [WorkerProvider] Worker ssm-agent-worker (pid:1055) started
Aug 13 17:07:05 ip-172-31-42-60 amazon-ssm-agent.amazon-ssm-agent[1032]: 2021-08-13 17:07:05 INFO [amazon-ssm-agent] [LongRunningWorkerContainer] Monitor long running worker health every 60 seconds
Aug 13 17:07:06 ip-172-31-42-60 systemd[1]: Finished Wait until snapd is fully seeded.
Aug 13 17:07:06 ip-172-31-42-60 systemd[1]: Starting Apply the settings specified in cloud-config...
Aug 13 17:07:06 ip-172-31-42-60 systemd[1]: Condition check resulted in Auto import assertions from block devices being skipped.
Aug 13 17:07:07 ip-172-31-42-60 cloud-init[1076]: Cloud-init v. 21.1-19-gbad84ad4-0ubuntu1~20.04.2 running 'modules:config' at Fri, 13 Aug 2021 17:07:06 +0000. Up 22.09 seconds.
Aug 13 17:07:07 ip-172-31-42-60 systemd[1]: Finished Apply the settings specified in cloud-config.
Aug 13 17:07:07 ip-172-31-42-60 systemd[1]: Starting EC2 instance hibernation setup agent...
Aug 13 17:07:07 ip-172-31-42-60 /hibinit-agent: Instance Launch has not enabled Hibernation Configured Flag. hibinit-agent exiting!!
Aug 13 17:07:07 ip-172-31-42-60 hibinit-agent[1086]: Instance Launch has not enabled Hibernation Configured Flag. hibinit-agent exiting!!
Aug 13 17:07:07 ip-172-31-42-60 systemd[1]: hibinit-agent.service: Succeeded.
Aug 13 17:07:07 ip-172-31-42-60 systemd[1]: Started EC2 instance hibernation setup agent.
Aug 13 17:07:07 ip-172-31-42-60 systemd[1]: Reached target Multi-User System.
Aug 13 17:07:07 ip-172-31-42-60 systemd[1]: Reached target Graphical Interface.
Aug 13 17:07:07 ip-172-31-42-60 systemd[1]: Starting Execute cloud user/final scripts...
Aug 13 17:07:07 ip-172-31-42-60 systemd[1]: Starting Update UTMP about System Runlevel Changes...
Aug 13 17:07:07 ip-172-31-42-60 systemd[1]: systemd-update-utmp-runlevel.service: Succeeded.
Aug 13 17:07:07 ip-172-31-42-60 systemd[1]: Finished Update UTMP about System Runlevel Changes.
Aug 13 17:07:08 ip-172-31-42-60 ec2: 
Aug 13 17:07:08 ip-172-31-42-60 ec2: #############################################################
Aug 13 17:07:08 ip-172-31-42-60 ec2: -----BEGIN SSH HOST KEY FINGERPRINTS-----
Aug 13 17:07:08 ip-172-31-42-60 ec2: 1024 SHA256:TDpwxiTWvL6Nq/JKO2p4OAZBSIT2thtCGtmuqWbjECY root@ip-172-31-42-60 (DSA)
Aug 13 17:07:08 ip-172-31-42-60 ec2: 256 SHA256:t0JlV+b0fRfCtJP+JtrHMO3TNcq9ttGB4BSOAhLMMsk root@ip-172-31-42-60 (ECDSA)
Aug 13 17:07:08 ip-172-31-42-60 ec2: 256 SHA256:5GY6B2FvENgF3ABQwLUHuW+C9HZyrjvuOUbfYmxd6KY root@ip-172-31-42-60 (ED25519)
Aug 13 17:07:08 ip-172-31-42-60 ec2: 3072 SHA256:eIPjqOQjCZUzAmVipZ84juPD6kHzknqiiJYrKuNz2m4 root@ip-172-31-42-60 (RSA)
Aug 13 17:07:08 ip-172-31-42-60 ec2: -----END SSH HOST KEY FINGERPRINTS-----
Aug 13 17:07:08 ip-172-31-42-60 ec2: #############################################################
Aug 13 17:07:08 ip-172-31-42-60 cloud-init[1092]: Cloud-init v. 21.1-19-gbad84ad4-0ubuntu1~20.04.2 running 'modules:final' at Fri, 13 Aug 2021 17:07:08 +0000. Up 23.49 seconds.
Aug 13 17:07:08 ip-172-31-42-60 cloud-init[1092]: Cloud-init v. 21.1-19-gbad84ad4-0ubuntu1~20.04.2 finished at Fri, 13 Aug 2021 17:07:08 +0000. Datasource DataSourceEc2Local.  Up 23.78 seconds
Aug 13 17:07:08 ip-172-31-42-60 systemd[1]: Finished Execute cloud user/final scripts.
Aug 13 17:07:08 ip-172-31-42-60 systemd[1]: Reached target Cloud-init target.
Aug 13 17:07:08 ip-172-31-42-60 systemd[1]: Startup finished in 2.107s (kernel) + 21.779s (userspace) = 23.886s.
Aug 13 17:07:09 ip-172-31-42-60 snapd[466]: 2021/08/13 17:07:09 Unsolicited response received on idle HTTP channel starting with "HTTP/1.1 408 Request Time-out\r\ncontent-length: 110\r\ncache-control: no-cache\r\ncontent-type: text/html\r\nconnection: close\r\n\r\n<html><body><h1>408 Request Time-out</h1>\nYour browser didn't send a complete request in time.\n</body></html>\n"; err=<nil>
Aug 13 17:07:18 ip-172-31-42-60 systemd[1]: systemd-fsckd.service: Succeeded.
Aug 13 17:07:25 ip-172-31-42-60 systemd-timesyncd[303]: Initial synchronization to time server 91.189.91.157:123 (ntp.ubuntu.com).
Aug 13 17:07:28 ip-172-31-42-60 systemd[1]: systemd-hostnamed.service: Succeeded.
Aug 13 17:07:33 ip-172-31-42-60 systemd[1]: Created slice User Slice of UID 1000.
Aug 13 17:07:33 ip-172-31-42-60 systemd[1]: Starting User Runtime Directory /run/user/1000...
Aug 13 17:07:33 ip-172-31-42-60 systemd[1]: Finished User Runtime Directory /run/user/1000.
Aug 13 17:07:33 ip-172-31-42-60 systemd[1]: Starting User Manager for UID 1000...
Aug 13 17:07:33 ip-172-31-42-60 systemd[1488]: Reached target Paths.
Aug 13 17:07:33 ip-172-31-42-60 systemd[1488]: Reached target Timers.
Aug 13 17:07:33 ip-172-31-42-60 systemd[1488]: Starting D-Bus User Message Bus Socket.
Aug 13 17:07:33 ip-172-31-42-60 systemd[1488]: Listening on GnuPG network certificate management daemon.
Aug 13 17:07:33 ip-172-31-42-60 systemd[1488]: Listening on GnuPG cryptographic agent and passphrase cache (access for web browsers).
Aug 13 17:07:33 ip-172-31-42-60 systemd[1488]: Listening on GnuPG cryptographic agent and passphrase cache (restricted).
Aug 13 17:07:33 ip-172-31-42-60 systemd[1488]: Listening on GnuPG cryptographic agent (ssh-agent emulation).
Aug 13 17:07:33 ip-172-31-42-60 systemd[1488]: Listening on GnuPG cryptographic agent and passphrase cache.
Aug 13 17:07:33 ip-172-31-42-60 systemd[1488]: Listening on debconf communication socket.
Aug 13 17:07:33 ip-172-31-42-60 systemd[1488]: Listening on REST API socket for snapd user session agent.
